Archive member included to satisfy reference by file (symbol)

d:/nxp/mcuxpressoide_11.1.1_3241/ide/plugins/com.nxp.mcuxpresso.tools.win32_11.1.0.202001081728/tools/bin/../lib/gcc/arm-none-eabi/8.3.1/thumb/v7e-m+fp/hard\libgcc.a(_arm_addsubdf3.o)
                              ./source/drive/quad.o (__aeabi_i2d)
d:/nxp/mcuxpressoide_11.1.1_3241/ide/plugins/com.nxp.mcuxpresso.tools.win32_11.1.0.202001081728/tools/bin/../lib/gcc/arm-none-eabi/8.3.1/thumb/v7e-m+fp/hard\libgcc.a(_arm_muldivdf3.o)
                              ./source/drive/quad.o (__aeabi_dmul)
d:/nxp/mcuxpressoide_11.1.1_3241/ide/plugins/com.nxp.mcuxpresso.tools.win32_11.1.0.202001081728/tools/bin/../lib/gcc/arm-none-eabi/8.3.1/thumb/v7e-m+fp/hard\libgcc.a(_arm_fixdfsi.o)
                              ./source/drive/quad.o (__aeabi_d2iz)
d:/nxp/mcuxpressoide_11.1.1_3241/ide/plugins/com.nxp.mcuxpresso.tools.win32_11.1.0.202001081728/tools/bin/../lib/gcc/arm-none-eabi/8.3.1/thumb/v7e-m+fp/hard\libgcc.a(_aeabi_uldivmod.o)
                              ./source/adc/adc.o (__aeabi_uldivmod)
d:/nxp/mcuxpressoide_11.1.1_3241/ide/plugins/com.nxp.mcuxpresso.tools.win32_11.1.0.202001081728/tools/bin/../lib/gcc/arm-none-eabi/8.3.1/thumb/v7e-m+fp/hard\libgcc.a(_udivmoddi4.o)
                              d:/nxp/mcuxpressoide_11.1.1_3241/ide/plugins/com.nxp.mcuxpresso.tools.win32_11.1.0.202001081728/tools/bin/../lib/gcc/arm-none-eabi/8.3.1/thumb/v7e-m+fp/hard\libgcc.a(_aeabi_uldivmod.o) (__udivmoddi4)
d:/nxp/mcuxpressoide_11.1.1_3241/ide/plugins/com.nxp.mcuxpresso.tools.win32_11.1.0.202001081728/tools/bin/../lib/gcc/arm-none-eabi/8.3.1/thumb/v7e-m+fp/hard\libgcc.a(_dvmd_tls.o)
                              d:/nxp/mcuxpressoide_11.1.1_3241/ide/plugins/com.nxp.mcuxpresso.tools.win32_11.1.0.202001081728/tools/bin/../lib/gcc/arm-none-eabi/8.3.1/thumb/v7e-m+fp/hard\libgcc.a(_aeabi_uldivmod.o) (__aeabi_ldiv0)
d:/nxp/mcuxpressoide_11.1.1_3241/ide/plugins/com.nxp.mcuxpresso.tools.win32_11.1.0.202001081728/tools/bin/../lib/gcc/arm-none-eabi/8.3.1/../../../../arm-none-eabi/lib/thumb/v7e-m+fp/hard\libc_nano.a(lib_a-assert.o)
                              ./drivers/fsl_clock.o (__assert_func)
d:/nxp/mcuxpressoide_11.1.1_3241/ide/plugins/com.nxp.mcuxpresso.tools.win32_11.1.0.202001081728/tools/bin/../lib/gcc/arm-none-eabi/8.3.1/../../../../arm-none-eabi/lib/thumb/v7e-m+fp/hard\libc_nano.a(lib_a-fprintf.o)
                              d:/nxp/mcuxpressoide_11.1.1_3241/ide/plugins/com.nxp.mcuxpresso.tools.win32_11.1.0.202001081728/tools/bin/../lib/gcc/arm-none-eabi/8.3.1/../../../../arm-none-eabi/lib/thumb/v7e-m+fp/hard\libc_nano.a(lib_a-assert.o) (fiprintf)
d:/nxp/mcuxpressoide_11.1.1_3241/ide/plugins/com.nxp.mcuxpresso.tools.win32_11.1.0.202001081728/tools/bin/../lib/gcc/arm-none-eabi/8.3.1/../../../../arm-none-eabi/lib/thumb/v7e-m+fp/hard\libc_nano.a(lib_a-impure.o)
                              d:/nxp/mcuxpressoide_11.1.1_3241/ide/plugins/com.nxp.mcuxpresso.tools.win32_11.1.0.202001081728/tools/bin/../lib/gcc/arm-none-eabi/8.3.1/../../../../arm-none-eabi/lib/thumb/v7e-m+fp/hard\libc_nano.a(lib_a-assert.o) (_impure_ptr)
d:/nxp/mcuxpressoide_11.1.1_3241/ide/plugins/com.nxp.mcuxpresso.tools.win32_11.1.0.202001081728/tools/bin/../lib/gcc/arm-none-eabi/8.3.1/../../../../arm-none-eabi/lib/thumb/v7e-m+fp/hard\libc_nano.a(lib_a-malloc.o)
                              ./drivers/fsl_common.o (malloc)
d:/nxp/mcuxpressoide_11.1.1_3241/ide/plugins/com.nxp.mcuxpresso.tools.win32_11.1.0.202001081728/tools/bin/../lib/gcc/arm-none-eabi/8.3.1/../../../../arm-none-eabi/lib/thumb/v7e-m+fp/hard\libc_nano.a(lib_a-nano-freer.o)
                              d:/nxp/mcuxpressoide_11.1.1_3241/ide/plugins/com.nxp.mcuxpresso.tools.win32_11.1.0.202001081728/tools/bin/../lib/gcc/arm-none-eabi/8.3.1/../../../../arm-none-eabi/lib/thumb/v7e-m+fp/hard\libc_nano.a(lib_a-malloc.o) (_free_r)
d:/nxp/mcuxpressoide_11.1.1_3241/ide/plugins/com.nxp.mcuxpresso.tools.win32_11.1.0.202001081728/tools/bin/../lib/gcc/arm-none-eabi/8.3.1/../../../../arm-none-eabi/lib/thumb/v7e-m+fp/hard\libc_nano.a(lib_a-nano-mallocr.o)
                              d:/nxp/mcuxpressoide_11.1.1_3241/ide/plugins/com.nxp.mcuxpresso.tools.win32_11.1.0.202001081728/tools/bin/../lib/gcc/arm-none-eabi/8.3.1/../../../../arm-none-eabi/lib/thumb/v7e-m+fp/hard\libc_nano.a(lib_a-malloc.o) (_malloc_r)
d:/nxp/mcuxpressoide_11.1.1_3241/ide/plugins/com.nxp.mcuxpresso.tools.win32_11.1.0.202001081728/tools/bin/../lib/gcc/arm-none-eabi/8.3.1/../../../../arm-none-eabi/lib/thumb/v7e-m+fp/hard\libc_nano.a(lib_a-nano-vfprintf.o)
                              d:/nxp/mcuxpressoide_11.1.1_3241/ide/plugins/com.nxp.mcuxpresso.tools.win32_11.1.0.202001081728/tools/bin/../lib/gcc/arm-none-eabi/8.3.1/../../../../arm-none-eabi/lib/thumb/v7e-m+fp/hard\libc_nano.a(lib_a-fprintf.o) (_vfprintf_r)
[...]
Memory Configuration

Name             Origin             Length             Attributes
PROGRAM_FLASH    0x00000000         0x00080000         xr
SRAM_UPPER       0x20000000         0x00010000         xrw
SRAM_LOWER       0x1fff0000         0x00010000         xrw
*default*        0x00000000         0xffffffff

Linker script and memory map

LOAD ./startup/startup_mk22f51212.o
LOAD ./startup/system.o
LOAD ./source/utils/color.o
LOAD ./source/utils/ftm0.o
LOAD ./source/utils/ftm3.o
LOAD ./source/utils/map.o
LOAD ./source/utils/util.o
LOAD ./source/sound/sound.o
LOAD ./source/sound/soundPlayer.o
LOAD ./source/servo/servo.o
LOAD ./source/io/led.o
LOAD ./source/i2c/eeprom.o
LOAD ./source/i2c/i2c.o
LOAD ./source/drive/drive.o
LOAD ./source/drive/motor.o
LOAD ./source/drive/quad.o
LOAD ./source/com/lpuart0.o
LOAD ./source/com/term.o
LOAD ./source/com/uart0.o
LOAD ./source/com/uart1.o
LOAD ./source/adc/adc.o
LOAD ./source/main.o
LOAD ./drivers/fsl_clock.o
LOAD ./drivers/fsl_common.o
LOAD ./drivers/fsl_smc.o
LOAD ./device/system_MK22F51212.o
LOAD ./board/board.o
LOAD ./board/clock_config.o
LOAD ./board/peripherals.o
LOAD ./board/pin_mux.o
START GROUP
LOAD d:/nxp/mcuxpressoide_11.1.1_3241/ide/plugins/com.nxp.mcuxpresso.tools.win32_11.1.0.202001081728/tools/bin/../lib/gcc/arm-none-eabi/8.3.1/thumb/v7e-m+fp/hard\libgcc.a
LOAD d:/nxp/mcuxpressoide_11.1.1_3241/ide/plugins/com.nxp.mcuxpresso.tools.win32_11.1.0.202001081728/tools/bin/../lib/gcc/arm-none-eabi/8.3.1/../../../../arm-none-eabi/lib/thumb/v7e-m+fp/hard\libc_nano.a
LOAD d:/nxp/mcuxpressoide_11.1.1_3241/ide/plugins/com.nxp.mcuxpresso.tools.win32_11.1.0.202001081728/tools/bin/../lib/gcc/arm-none-eabi/8.3.1/../../../../arm-none-eabi/lib/thumb/v7e-m+fp/hard\libm.a
LOAD d:/nxp/mcuxpressoide_11.1.1_3241/ide/plugins/com.nxp.mcuxpresso.tools.win32_11.1.0.202001081728/tools/bin/../lib/gcc/arm-none-eabi/8.3.1/../../../../arm-none-eabi/lib/thumb/v7e-m+fp/hard\libcr_newlib_nohost.a
END GROUP
                0x00000000                __base_PROGRAM_FLASH = 0x0
                0x00000000                __base_Flash = 0x0
                0x00080000                __top_PROGRAM_FLASH = 0x80000
                0x00080000                __top_Flash = 0x80000
                0x20000000                __base_SRAM_UPPER = 0x20000000
                0x20000000                __base_RAM = 0x20000000
                0x20010000                __top_SRAM_UPPER = 0x20010000
                0x20010000                __top_RAM = 0x20010000
                0x1fff0000                __base_SRAM_LOWER = 0x1fff0000
                0x1fff0000                __base_RAM2 = 0x1fff0000
                0x20000000                __top_SRAM_LOWER = 0x20000000
                0x20000000                __top_RAM2 = 0x20000000

.text           0x00000000     0x39c8
 FILL mask 0xff
                0x00000000                __vectors_start__ = ABSOLUTE (.)
 *(SORT_BY_ALIGNMENT(.isr_vector))
 .isr_vector    0x00000000      0x168 ./startup/startup_mk22f51212.o
                0x00000000                g_pfnVectors
                0x00000000                __Vectors
                0x00000168                . = ALIGN (0x4)
                0x00000168                __section_table_start = .
                0x00000168                __data_section_table = .
                0x00000168        0x4 LONG 0x39c8 LOADADDR (.data)
                0x0000016c        0x4 LONG 0x20000000 ADDR (.data)
                0x00000170        0x4 LONG 0x6c SIZEOF (.data)
                0x00000174        0x4 LONG 0x39c8 LOADADDR (.data_RAM2)
                0x00000178        0x4 LONG 0x1fff0000 ADDR (.data_RAM2)
                0x0000017c        0x4 LONG 0x0 SIZEOF (.data_RAM2)
                0x00000180                __data_section_table_end = .
                0x00000180                __bss_section_table = .
                0x00000180        0x4 LONG 0x2000006c ADDR (.bss)
                0x00000184        0x4 LONG 0x8f8 SIZEOF (.bss)
                0x00000188        0x4 LONG 0x1fff0000 ADDR (.bss_RAM2)
                0x0000018c        0x4 LONG 0x0 SIZEOF (.bss_RAM2)
                0x00000190                __bss_section_table_end = .
                0x00000190                __section_table_end = .
 *(SORT_BY_ALIGNMENT(.after_vectors*))
 .after_vectors.reset
                0x00000190       0x50 ./startup/startup_mk22f51212.o
                0x00000190                ResetISR
 .after_vectors.init_data
                0x000001e0       0x1e ./startup/startup_mk22f51212.o
                0x000001e0                data_init
 .after_vectors.init_bss
                0x000001fe       0x12 ./startup/startup_mk22f51212.o
                0x000001fe                bss_init
 .after_vectors
                0x00000210       0x16 ./startup/startup_mk22f51212.o
                0x00000210                NMI_Handler
                0x00000214                MemManage_Handler
                0x00000216                BusFault_Handler
                0x00000218                UsageFault_Handler
                0x0000021a                SVC_Handler
                0x0000021c                DebugMon_Handler
                0x0000021e                PendSV_Handler
                0x00000220                SysTick_Handler
                0x00000222                DMA_Error_DriverIRQHandler
                0x00000222                LPTMR0_DriverIRQHandler
                0x00000222                FTM1_DriverIRQHandler
                0x00000222                FTM2_DriverIRQHandler
                0x00000222                PIT2_DriverIRQHandler
                0x00000222                Reserved82_DriverIRQHandler
                0x00000222                I2S0_Tx_DriverIRQHandler
                0x00000222                RTC_Seconds_DriverIRQHandler
                0x00000222                FTF_DriverIRQHandler
                0x00000222                DMA6_DriverIRQHandler
                0x00000222                LLWU_DriverIRQHandler
                0x00000222                MCM_DriverIRQHandler
                0x00000222                MCG_DriverIRQHandler
                0x00000222                DAC1_DriverIRQHandler
                0x00000222                SPI1_DriverIRQHandler
                0x00000222                CMP1_DriverIRQHandler
                0x00000222                FTM0_DriverIRQHandler
                0x00000222                IntDefaultHandler
                0x00000222                USB0_DriverIRQHandler
                0x00000222                PORTC_DriverIRQHandler
                0x00000222                DMA11_DriverIRQHandler
                0x00000222                DAC0_DriverIRQHandler
                0x00000222                DMA10_DriverIRQHandler
                0x00000222                UART2_ERR_DriverIRQHandler
                0x00000222                LVD_LVW_DriverIRQHandler
                0x00000222                Reserved84_DriverIRQHandler
                0x00000222                PIT0_DriverIRQHandler
                0x00000222                RNG_DriverIRQHandler
                0x00000222                DMA5_DriverIRQHandler
                0x00000222                DMA12_DriverIRQHandler
                0x00000222                UART2_RX_TX_DriverIRQHandler
                0x00000222                DMA3_DriverIRQHandler
                0x00000222                Reserved53_DriverIRQHandler
                0x00000222                DMA8_DriverIRQHandler
                0x00000222                DMA9_DriverIRQHandler
                0x00000222                UART0_ERR_DriverIRQHandler
                0x00000222                Reserved71_DriverIRQHandler
                0x00000222                ADC1_DriverIRQHandler
                0x00000222                PORTA_DriverIRQHandler
                0x00000222                DMA14_DriverIRQHandler
                0x00000222                PIT3_DriverIRQHandler
                0x00000222                PIT1_DriverIRQHandler
                0x00000222                WDOG_EWM_DriverIRQHandler
                0x00000222                PDB0_DriverIRQHandler
                0x00000222                Reserved83_DriverIRQHandler
                0x00000222                Reserved61_DriverIRQHandler
                0x00000222                RTC_DriverIRQHandler
                0x00000222                I2S0_Rx_DriverIRQHandler
                0x00000222                Read_Collision_DriverIRQHandler
                0x00000222                Reserved54_DriverIRQHandler
                0x00000222                SWI_DriverIRQHandler
                0x00000222                PORTB_DriverIRQHandler
                0x00000222                DMA0_DriverIRQHandler
                0x00000222                DMA1_DriverIRQHandler
                0x00000222                I2C1_DriverIRQHandler
                0x00000222                DMA13_DriverIRQHandler
                0x00000222                DMA15_DriverIRQHandler
                0x00000222                LPUART0_DriverIRQHandler
                0x00000222                Reserved85_DriverIRQHandler
                0x00000222                Reserved81_DriverIRQHandler
                0x00000222                UART0_RX_TX_DriverIRQHandler
                0x00000222                SPI0_DriverIRQHandler
                0x00000222                ADC0_DriverIRQHandler
                0x00000222                CMP0_DriverIRQHandler
                0x00000222                FTM3_DriverIRQHandler
                0x00000222                DMA4_DriverIRQHandler
                0x00000222                UART1_ERR_DriverIRQHandler
                0x00000222                DMA2_DriverIRQHandler
                0x00000222                PORTD_DriverIRQHandler
                0x00000222                Reserved70_DriverIRQHandler
                0x00000222                Reserved86_DriverIRQHandler
                0x00000222                PORTE_DriverIRQHandler
                0x00000222                I2C0_DriverIRQHandler
                0x00000222                DMA7_DriverIRQHandler
                0x00000222                UART1_RX_TX_DriverIRQHandler
                0x00000400                . = 0x400
 *fill*         0x00000226      0x1da ff
                0x00000400                PROVIDE (__FLASH_CONFIG_START__ = .)
 *(SORT_BY_ALIGNMENT(.FlashConfig))
 .FlashConfig   0x00000400       0x10 ./startup/startup_mk22f51212.o
                0x00000400                Flash_Config
                0x00000410                PROVIDE (__FLASH_CONFIG_END__ = .)
                0x00000001                ASSERT (! ((__FLASH_CONFIG_START__ == __FLASH_CONFIG_END__)), Linker Flash Config Support Enabled, but no .FlashConfig section provided within application)
 *(SORT_BY_ALIGNMENT(.text*))
 .text          0x00000410       0xa0 d:/nxp/mcuxpressoide_11.1.1_3241/ide/plugins/com.nxp.mcuxpresso.tools.win32_11.1.0.202001081728/tools/bin/../lib/gcc/arm-none-eabi/8.3.1/../../../../arm-none-eabi/lib/thumb/v7e-m+fp/hard\libc_nano.a(lib_a-memchr.o)
                0x00000410                memchr
 .text.SystemInitHook
                0x000004b0       0x40 ./startup/system.o
                0x000004b0                SystemInitHook
 .text.McuHardFault_HandlerC
                0x000004f0       0xe4 ./startup/system.o
                0x000004f0                McuHardFault_HandlerC
 .text.__NVIC_EnableIRQ
                0x000005d4       0x3c ./source/utils/ftm0.o
 .text.__NVIC_SetPriority
                0x00000610       0x54 ./source/utils/ftm0.o
 .text.FTM0_IRQHandler
                0x00000664       0x9c ./source/utils/ftm0.o
                0x00000664                FTM0_IRQHandler
 .text.ftm0Init
                0x00000700       0x44 ./source/utils/ftm0.o
                0x00000700                ftm0Init
 .text.__NVIC_EnableIRQ
                0x00000744       0x3c ./source/utils/ftm3.o
 .text.__NVIC_SetPriority
                0x00000780       0x54 ./source/utils/ftm3.o
 .text.FTM3_IRQHandler
                0x000007d4       0x9c ./source/utils/ftm3.o
                0x000007d4                FTM3_IRQHandler
 .text.ftm3Init
                0x00000870       0x44 ./source/utils/ftm3.o
                0x00000870                ftm3Init
 .text.utilNum16uToStr
                0x000008b4       0xec ./source/utils/util.o
                0x000008b4                utilNum16uToStr
 .text.FTM0CH0_IRQHandler
                0x000009a0       0x68 ./source/sound/sound.o
                0x000009a0                FTM0CH0_IRQHandler
 .text.servoParseCommand
                0x00000a08      0x10c ./source/servo/servo.o
                0x00000a08                servoParseCommand
 .text.servoInit
                0x00000b14       0x40 ./source/servo/servo.o
                0x00000b14                servoInit
 .text.FTM1_IRQHandler
                0x00000b54      0x254 ./source/drive/quad.o
                0x00000b54                FTM1_IRQHandler
 .text.FTM2_IRQHandler
                0x00000da8      0x254 ./source/drive/quad.o
                0x00000da8                FTM2_IRQHandler
 .text.termRegisterCommandLineHandler
                0x00000ffc       0x58 ./source/com/term.o
                0x00000ffc                termRegisterCommandLineHandler
 .text.termWriteChar
                0x00001054       0x68 ./source/com/term.o
                0x00001054                termWriteChar
 .text.termParseCommand
                0x000010bc      0x13c ./source/com/term.o
                0x000010bc                termParseCommand
 .text.termDoWork
                0x000011f8       0x88 ./source/com/term.o
                0x000011f8                termDoWork
 .text.termInit
                0x00001280       0x74 ./source/com/term.o
                0x00001280                termInit
 .text.__NVIC_EnableIRQ
                0x000012f4       0x3c ./source/com/uart0.o
 .text.__NVIC_DisableIRQ
                0x00001330       0x44 ./source/com/uart0.o
 .text.__NVIC_SetPriority
                0x00001374       0x54 ./source/com/uart0.o
 .text.UART0_RX_TX_IRQHandler
                0x000013c8       0xdc ./source/com/uart0.o
                0x000013c8                UART0_RX_TX_IRQHandler
 .text.UART0_ERR_IRQHandler
                0x000014a4       0x1c ./source/com/uart0.o
                0x000014a4                UART0_ERR_IRQHandler
 .text.uart0WriteChar
                0x000014c0       0x80 ./source/com/uart0.o
                0x000014c0                uart0WriteChar
 .text.uart0ReadChar
                0x00001540       0x68 ./source/com/uart0.o
                0x00001540                uart0ReadChar
 .text.uart0HasLineReceived
                0x000015a8       0x60 ./source/com/uart0.o
                0x000015a8                uart0HasLineReceived
 .text.uart0Init
                0x00001608       0xdc ./source/com/uart0.o
                0x00001608                uart0Init
 .text.__NVIC_EnableIRQ
                0x000016e4       0x3c ./source/com/uart1.o
 .text.__NVIC_DisableIRQ
                0x00001720       0x44 ./source/com/uart1.o
 .text.__NVIC_SetPriority
                0x00001764       0x54 ./source/com/uart1.o
 .text.UART1_RX_TX_IRQHandler
                0x000017b8       0xdc ./source/com/uart1.o
                0x000017b8                UART1_RX_TX_IRQHandler
 .text.UART1_ERR_IRQHandler
                0x00001894       0x1c ./source/com/uart1.o
                0x00001894                UART1_ERR_IRQHandler
 .text.uart1WriteChar
                0x000018b0       0x80 ./source/com/uart1.o
                0x000018b0                uart1WriteChar
 .text.uart1ReadChar
                0x00001930       0x68 ./source/com/uart1.o
                0x00001930                uart1ReadChar
 .text.uart1HasLineReceived
                0x00001998       0x60 ./source/com/uart1.o
                0x00001998                uart1HasLineReceived
 .text.uart1Init
                0x000019f8       0xdc ./source/com/uart1.o
                0x000019f8                uart1Init
 .text.BlinkBlueLedEveryMS
                0x00001ad4       0x50 ./source/main.o
                0x00001ad4                BlinkBlueLedEveryMS
 .text.main     0x00001b24       0x60 ./source/main.o
                0x00001b24                main
 .text.CLOCK_SetEr32kClock
                0x00001b84       0x30 ./drivers/fsl_clock.o
 .text.CLOCK_SetPllFllSelClock
                0x00001bb4       0x3c ./drivers/fsl_clock.o
 .text.CLOCK_GetOscRangeFromFreq
                0x00001bf0       0x3c ./drivers/fsl_clock.o
 .text.CLOCK_SetSimConfig
                0x00001c2c       0x38 ./drivers/fsl_clock.o
                0x00001c2c                CLOCK_SetSimConfig
 .text.CLOCK_SetExternalRefClkConfig
                0x00001c64       0x6c ./drivers/fsl_clock.o
                0x00001c64                CLOCK_SetExternalRefClkConfig
 .text.CLOCK_EnablePll0
                0x00001cd0       0x94 ./drivers/fsl_clock.o
                0x00001cd0                CLOCK_EnablePll0
 .text.CLOCK_InitOsc0
                0x00001d64       0x8c ./drivers/fsl_clock.o
                0x00001d64                CLOCK_InitOsc0
 .text.CLOCK_SetPbeMode
                0x00001df0       0xb8 ./drivers/fsl_clock.o
                0x00001df0                CLOCK_SetPbeMode
 .text.CLOCK_BootToPeeMode
                0x00001ea8       0x74 ./drivers/fsl_clock.o
                0x00001ea8                CLOCK_BootToPeeMode
 .text.SystemInit
                0x00001f1c       0x3c ./device/system_MK22F51212.o
                0x00001f1c                SystemInit
 .text.CLOCK_SetSimSafeDivs
                0x00001f58       0x24 ./board/clock_config.o
 .text.CLOCK_SetXtal0Freq
                0x00001f7c       0x20 ./board/clock_config.o
 .text.CLOCK_CONFIG_SetFllExtRefDiv
                0x00001f9c       0x3c ./board/clock_config.o
 .text.BOARD_BootClockRUN
                0x00001fd8       0x74 ./board/clock_config.o
                0x00001fd8                BOARD_BootClockRUN
 .text.__assert_func
                0x0000204c       0x3c d:/nxp/mcuxpressoide_11.1.1_3241/ide/plugins/com.nxp.mcuxpresso.tools.win32_11.1.0.202001081728/tools/bin/../lib/gcc/arm-none-eabi/8.3.1/../../../../arm-none-eabi/lib/thumb/v7e-m+fp/hard\libc_nano.a(lib_a-assert.o)
                0x0000204c                __assert_func
 .text.fprintf  0x00002088       0x24 d:/nxp/mcuxpressoide_11.1.1_3241/ide/plugins/com.nxp.mcuxpresso.tools.win32_11.1.0.202001081728/tools/bin/../lib/gcc/arm-none-eabi/8.3.1/../../../../arm-none-eabi/lib/thumb/v7e-m+fp/hard\libc_nano.a(lib_a-fprintf.o)
                0x00002088                fiprintf
                0x00002088                fprintf
 .text._free_r  0x000020ac       0x9c d:/nxp/mcuxpressoide_11.1.1_3241/ide/plugins/com.nxp.mcuxpresso.tools.win32_11.1.0.202001081728/tools/bin/../lib/gcc/arm-none-eabi/8.3.1/../../../../arm-none-eabi/lib/thumb/v7e-m+fp/hard\libc_nano.a(lib_a-nano-freer.o)
                0x000020ac                _free_r
 .text._malloc_r
                0x00002148       0xb4 d:/nxp/mcuxpressoide_11.1.1_3241/ide/plugins/com.nxp.mcuxpresso.tools.win32_11.1.0.202001081728/tools/bin/../lib/gcc/arm-none-eabi/8.3.1/../../../../arm-none-eabi/lib/thumb/v7e-m+fp/hard\libc_nano.a(lib_a-nano-mallocr.o)
                0x00002148                _malloc_r
 .text._vfprintf_r
                0x000021fc      0x250 d:/nxp/mcuxpressoide_11.1.1_3241/ide/plugins/com.nxp.mcuxpresso.tools.win32_11.1.0.202001081728/tools/bin/../lib/gcc/arm-none-eabi/8.3.1/../../../../arm-none-eabi/lib/thumb/v7e-m+fp/hard\libc_nano.a(lib_a-nano-vfprintf.o)
                0x000021fc                _vfprintf_r
                0x000021fc                _vfiprintf_r
 .text._printf_i
                0x0000244c      0x228 d:/nxp/mcuxpressoide_11.1.1_3241/ide/plugins/com.nxp.mcuxpresso.tools.win32_11.1.0.202001081728/tools/bin/../lib/gcc/arm-none-eabi/8.3.1/../../../../arm-none-eabi/lib/thumb/v7e-m+fp/hard\libc_nano.a(lib_a-nano-vfprintf_i.o)
                0x0000244c                _printf_i
 .text._sbrk_r  0x00002674       0x20 d:/nxp/mcuxpressoide_11.1.1_3241/ide/plugins/com.nxp.mcuxpresso.tools.win32_11.1.0.202001081728/tools/bin/../lib/gcc/arm-none-eabi/8.3.1/../../../../arm-none-eabi/lib/thumb/v7e-m+fp/hard\libc_nano.a(lib_a-sbrkr.o)
                0x00002674                _sbrk_r
 .text.__swbuf_r
                0x00002694       0xa4 d:/nxp/mcuxpressoide_11.1.1_3241/ide/plugins/com.nxp.mcuxpresso.tools.win32_11.1.0.202001081728/tools/bin/../lib/gcc/arm-none-eabi/8.3.1/../../../../arm-none-eabi/lib/thumb/v7e-m+fp/hard\libc_nano.a(lib_a-wbuf.o)
                0x00002694                __swbuf_r
 .text.__swsetup_r
                0x00002738       0xdc d:/nxp/mcuxpressoide_11.1.1_3241/ide/plugins/com.nxp.mcuxpresso.tools.win32_11.1.0.202001081728/tools/bin/../lib/gcc/arm-none-eabi/8.3.1/../../../../arm-none-eabi/lib/thumb/v7e-m+fp/hard\libc_nano.a(lib_a-wsetup.o)
                0x00002738                __swsetup_r
 .text.__sflush_r
                0x00002814      0x10c d:/nxp/mcuxpressoide_11.1.1_3241/ide/plugins/com.nxp.mcuxpresso.tools.win32_11.1.0.202001081728/tools/bin/../lib/gcc/arm-none-eabi/8.3.1/../../../../arm-none-eabi/lib/thumb/v7e-m+fp/hard\libc_nano.a(lib_a-fflush.o)
                0x00002814                __sflush_r
 .text._fflush_r
                0x00002920       0x78 d:/nxp/mcuxpressoide_11.1.1_3241/ide/plugins/com.nxp.mcuxpresso.tools.win32_11.1.0.202001081728/tools/bin/../lib/gcc/arm-none-eabi/8.3.1/../../../../arm-none-eabi/lib/thumb/v7e-m+fp/hard\libc_nano.a(lib_a-fflush.o)
                0x00002920                _fflush_r
 .text.std      0x00002998       0x48 d:/nxp/mcuxpressoide_11.1.1_3241/ide/plugins/com.nxp.mcuxpresso.tools.win32_11.1.0.202001081728/tools/bin/../lib/gcc/arm-none-eabi/8.3.1/../../../../arm-none-eabi/lib/thumb/v7e-m+fp/hard\libc_nano.a(lib_a-findfp.o)
 .text._cleanup_r
                0x000029e0        0xc d:/nxp/mcuxpressoide_11.1.1_3241/ide/plugins/com.nxp.mcuxpresso.tools.win32_11.1.0.202001081728/tools/bin/../lib/gcc/arm-none-eabi/8.3.1/../../../../arm-none-eabi/lib/thumb/v7e-m+fp/hard\libc_nano.a(lib_a-findfp.o)
                0x000029e0                _cleanup_r
 .text.__sfp_lock_acquire
                0x000029ec        0xc d:/nxp/mcuxpressoide_11.1.1_3241/ide/plugins/com.nxp.mcuxpresso.tools.win32_11.1.0.202001081728/tools/bin/../lib/gcc/arm-none-eabi/8.3.1/../../../../arm-none-eabi/lib/thumb/v7e-m+fp/hard\libc_nano.a(lib_a-findfp.o)
                0x000029ec                __sfp_lock_acquire
 .text.__sfp_lock_release
                0x000029f8        0xc d:/nxp/mcuxpressoide_11.1.1_3241/ide/plugins/com.nxp.mcuxpresso.tools.win32_11.1.0.202001081728/tools/bin/../lib/gcc/arm-none-eabi/8.3.1/../../../../arm-none-eabi/lib/thumb/v7e-m+fp/hard\libc_nano.a(lib_a-findfp.o)
                0x000029f8                __sfp_lock_release
 .text.__sinit_lock_acquire
                0x00002a04        0xc d:/nxp/mcuxpressoide_11.1.1_3241/ide/plugins/com.nxp.mcuxpresso.tools.win32_11.1.0.202001081728/tools/bin/../lib/gcc/arm-none-eabi/8.3.1/../../../../arm-none-eabi/lib/thumb/v7e-m+fp/hard\libc_nano.a(lib_a-findfp.o)
                0x00002a04                __sinit_lock_acquire
 .text.__sinit_lock_release
                0x00002a10        0xc d:/nxp/mcuxpressoide_11.1.1_3241/ide/plugins/com.nxp.mcuxpresso.tools.win32_11.1.0.202001081728/tools/bin/../lib/gcc/arm-none-eabi/8.3.1/../../../../arm-none-eabi/lib/thumb/v7e-m+fp/hard\libc_nano.a(lib_a-findfp.o)
                0x00002a10                __sinit_lock_release
 .text.__sinit  0x00002a1c       0x70 d:/nxp/mcuxpressoide_11.1.1_3241/ide/plugins/com.nxp.mcuxpresso.tools.win32_11.1.0.202001081728/tools/bin/../lib/gcc/arm-none-eabi/8.3.1/../../../../arm-none-eabi/lib/thumb/v7e-m+fp/hard\libc_nano.a(lib_a-findfp.o)
                0x00002a1c                __sinit
 .text.__sfp    0x00002a8c       0x8c d:/nxp/mcuxpressoide_11.1.1_3241/ide/plugins/com.nxp.mcuxpresso.tools.win32_11.1.0.202001081728/tools/bin/../lib/gcc/arm-none-eabi/8.3.1/../../../../arm-none-eabi/lib/thumb/v7e-m+fp/hard\libc_nano.a(lib_a-findfp.o)
                0x00002a8c                __sfp
 .text.__smakebuf_r
                0x00002b18       0x80 d:/nxp/mcuxpressoide_11.1.1_3241/ide/plugins/com.nxp.mcuxpresso.tools.win32_11.1.0.202001081728/tools/bin/../lib/gcc/arm-none-eabi/8.3.1/../../../../arm-none-eabi/lib/thumb/v7e-m+fp/hard\libc_nano.a(lib_a-makebuf.o)
                0x00002b18                __smakebuf_r
 .text.__malloc_lock
                0x00002b98        0xc d:/nxp/mcuxpressoide_11.1.1_3241/ide/plugins/com.nxp.mcuxpresso.tools.win32_11.1.0.202001081728/tools/bin/../lib/gcc/arm-none-eabi/8.3.1/../../../../arm-none-eabi/lib/thumb/v7e-m+fp/hard\libc_nano.a(lib_a-mlock.o)
                0x00002b98                __malloc_lock
 .text.__malloc_unlock
                0x00002ba4        0xc d:/nxp/mcuxpressoide_11.1.1_3241/ide/plugins/com.nxp.mcuxpresso.tools.win32_11.1.0.202001081728/tools/bin/../lib/gcc/arm-none-eabi/8.3.1/../../../../arm-none-eabi/lib/thumb/v7e-m+fp/hard\libc_nano.a(lib_a-mlock.o)
                0x00002ba4                __malloc_unlock
 .text.raise    0x00002bb0       0x10 d:/nxp/mcuxpressoide_11.1.1_3241/ide/plugins/com.nxp.mcuxpresso.tools.win32_11.1.0.202001081728/tools/bin/../lib/gcc/arm-none-eabi/8.3.1/../../../../arm-none-eabi/lib/thumb/v7e-m+fp/hard\libc_nano.a(lib_a-signal.o)
                0x00002bb0                raise
 .text._kill_r  0x00002bc0       0x24 d:/nxp/mcuxpressoide_11.1.1_3241/ide/plugins/com.nxp.mcuxpresso.tools.win32_11.1.0.202001081728/tools/bin/../lib/gcc/arm-none-eabi/8.3.1/../../../../arm-none-eabi/lib/thumb/v7e-m+fp/hard\libc_nano.a(lib_a-signalr.o)
                0x00002bc0                _kill_r
 .text._write_r
                0x00002be4       0x24 d:/nxp/mcuxpressoide_11.1.1_3241/ide/plugins/com.nxp.mcuxpresso.tools.win32_11.1.0.202001081728/tools/bin/../lib/gcc/arm-none-eabi/8.3.1/../../../../arm-none-eabi/lib/thumb/v7e-m+fp/hard\libc_nano.a(lib_a-writer.o)
                0x00002be4                _write_r
 .text._close_r
                0x00002c08       0x20 d:/nxp/mcuxpressoide_11.1.1_3241/ide/plugins/com.nxp.mcuxpresso.tools.win32_11.1.0.202001081728/tools/bin/../lib/gcc/arm-none-eabi/8.3.1/../../../../arm-none-eabi/lib/thumb/v7e-m+fp/hard\libc_nano.a(lib_a-closer.o)
                0x00002c08                _close_r
 .text._fstat_r
                0x00002c28       0x24 d:/nxp/mcuxpressoide_11.1.1_3241/ide/plugins/com.nxp.mcuxpresso.tools.win32_11.1.0.202001081728/tools/bin/../lib/gcc/arm-none-eabi/8.3.1/../../../../arm-none-eabi/lib/thumb/v7e-m+fp/hard\libc_nano.a(lib_a-fstatr.o)
                0x00002c28                _fstat_r
 .text._isatty_r
                0x00002c4c       0x20 d:/nxp/mcuxpressoide_11.1.1_3241/ide/plugins/com.nxp.mcuxpresso.tools.win32_11.1.0.202001081728/tools/bin/../lib/gcc/arm-none-eabi/8.3.1/../../../../arm-none-eabi/lib/thumb/v7e-m+fp/hard\libc_nano.a(lib_a-isattyr.o)
                0x00002c4c                _isatty_r
 .text._lseek_r
                0x00002c6c       0x24 d:/nxp/mcuxpressoide_11.1.1_3241/ide/plugins/com.nxp.mcuxpresso.tools.win32_11.1.0.202001081728/tools/bin/../lib/gcc/arm-none-eabi/8.3.1/../../../../arm-none-eabi/lib/thumb/v7e-m+fp/hard\libc_nano.a(lib_a-lseekr.o)
                0x00002c6c                _lseek_r
 .text._read_r  0x00002c90       0x24 d:/nxp/mcuxpressoide_11.1.1_3241/ide/plugins/com.nxp.mcuxpresso.tools.win32_11.1.0.202001081728/tools/bin/../lib/gcc/arm-none-eabi/8.3.1/../../../../arm-none-eabi/lib/thumb/v7e-m+fp/hard\libc_nano.a(lib_a-readr.o)
                0x00002c90                _read_r
 .text._sbrk    0x00002cb4       0x3c d:/nxp/mcuxpressoide_11.1.1_3241/ide/plugins/com.nxp.mcuxpresso.tools.win32_11.1.0.202001081728/tools/bin/../lib/gcc/arm-none-eabi/8.3.1/../../../../arm-none-eabi/lib/thumb/v7e-m+fp/hard\libcr_newlib_nohost.a(_cr_sbrk.o)
                0x00002cb4                _sbrk
 .text._close   0x00002cf0       0x10 d:/nxp/mcuxpressoide_11.1.1_3241/ide/plugins/com.nxp.mcuxpresso.tools.win32_11.1.0.202001081728/tools/bin/../lib/gcc/arm-none-eabi/8.3.1/../../../../arm-none-eabi/lib/thumb/v7e-m+fp/hard\libcr_newlib_nohost.a(close.o)
                0x00002cf0                _close
 .text._fstat   0x00002d00       0x10 d:/nxp/mcuxpressoide_11.1.1_3241/ide/plugins/com.nxp.mcuxpresso.tools.win32_11.1.0.202001081728/tools/bin/../lib/gcc/arm-none-eabi/8.3.1/../../../../arm-none-eabi/lib/thumb/v7e-m+fp/hard\libcr_newlib_nohost.a(fstat.o)
                0x00002d00                _fstat
 .text._getpid  0x00002d10       0x10 d:/nxp/mcuxpressoide_11.1.1_3241/ide/plugins/com.nxp.mcuxpresso.tools.win32_11.1.0.202001081728/tools/bin/../lib/gcc/arm-none-eabi/8.3.1/../../../../arm-none-eabi/lib/thumb/v7e-m+fp/hard\libcr_newlib_nohost.a(getpid.o)
                0x00002d10                _getpid
 .text._isatty  0x00002d20       0x10 d:/nxp/mcuxpressoide_11.1.1_3241/ide/plugins/com.nxp.mcuxpresso.tools.win32_11.1.0.202001081728/tools/bin/../lib/gcc/arm-none-eabi/8.3.1/../../../../arm-none-eabi/lib/thumb/v7e-m+fp/hard\libcr_newlib_nohost.a(isatty.o)
                0x00002d20                _isatty
 .text._kill    0x00002d30       0x10 d:/nxp/mcuxpressoide_11.1.1_3241/ide/plugins/com.nxp.mcuxpresso.tools.win32_11.1.0.202001081728/tools/bin/../lib/gcc/arm-none-eabi/8.3.1/../../../../arm-none-eabi/lib/thumb/v7e-m+fp/hard\libcr_newlib_nohost.a(kill.o)
                0x00002d30                _kill
 .text._lseek   0x00002d40       0x10 d:/nxp/mcuxpressoide_11.1.1_3241/ide/plugins/com.nxp.mcuxpresso.tools.win32_11.1.0.202001081728/tools/bin/../lib/gcc/arm-none-eabi/8.3.1/../../../../arm-none-eabi/lib/thumb/v7e-m+fp/hard\libcr_newlib_nohost.a(lseek.o)
                0x00002d40                _lseek
 .text.__check_heap_overflow
                0x00002d50       0x18 d:/nxp/mcuxpressoide_11.1.1_3241/ide/plugins/com.nxp.mcuxpresso.tools.win32_11.1.0.202001081728/tools/bin/../lib/gcc/arm-none-eabi/8.3.1/../../../../arm-none-eabi/lib/thumb/v7e-m+fp/hard\libcr_newlib_nohost.a(_cr_check_heap.o)
                0x00002d50                __check_heap_overflow
 .text.__errno  0x00002d68        0xc d:/nxp/mcuxpressoide_11.1.1_3241/ide/plugins/com.nxp.mcuxpresso.tools.win32_11.1.0.202001081728/tools/bin/../lib/gcc/arm-none-eabi/8.3.1/../../../../arm-none-eabi/lib/thumb/v7e-m+fp/hard\libc_nano.a(lib_a-errno.o)
                0x00002d68                __errno
 .text.DMA0_IRQHandler
                0x00002d74        0x8 ./startup/startup_mk22f51212.o
                0x00002d74                DMA0_IRQHandler
 .text.DMA1_IRQHandler
                0x00002d7c        0x8 ./startup/startup_mk22f51212.o
                0x00002d7c                DMA1_IRQHandler
 .text.DMA2_IRQHandler
                0x00002d84        0x8 ./startup/startup_mk22f51212.o
                0x00002d84                DMA2_IRQHandler
 .text.DMA3_IRQHandler
                0x00002d8c        0x8 ./startup/startup_mk22f51212.o
                0x00002d8c                DMA3_IRQHandler
 .text.DMA4_IRQHandler
                0x00002d94        0x8 ./startup/startup_mk22f51212.o
                0x00002d94                DMA4_IRQHandler
 .text.DMA5_IRQHandler
                0x00002d9c        0x8 ./startup/startup_mk22f51212.o
                0x00002d9c                DMA5_IRQHandler
 .text.DMA6_IRQHandler
                0x00002da4        0x8 ./startup/startup_mk22f51212.o
                0x00002da4                DMA6_IRQHandler
 .text.DMA7_IRQHandler
                0x00002dac        0x8 ./startup/startup_mk22f51212.o
                0x00002dac                DMA7_IRQHandler
 .text.DMA8_IRQHandler
                0x00002db4        0x8 ./startup/startup_mk22f51212.o
                0x00002db4                DMA8_IRQHandler
 .text.DMA9_IRQHandler
                0x00002dbc        0x8 ./startup/startup_mk22f51212.o
                0x00002dbc                DMA9_IRQHandler
 .text.DMA10_IRQHandler
                0x00002dc4        0x8 ./startup/startup_mk22f51212.o
                0x00002dc4                DMA10_IRQHandler
 .text.DMA11_IRQHandler
                0x00002dcc        0x8 ./startup/startup_mk22f51212.o
                0x00002dcc                DMA11_IRQHandler
 .text.DMA12_IRQHandler
                0x00002dd4        0x8 ./startup/startup_mk22f51212.o
                0x00002dd4                DMA12_IRQHandler
 .text.DMA13_IRQHandler
                0x00002ddc        0x8 ./startup/startup_mk22f51212.o
                0x00002ddc                DMA13_IRQHandler
 .text.DMA14_IRQHandler
                0x00002de4        0x8 ./startup/startup_mk22f51212.o
                0x00002de4                DMA14_IRQHandler
 .text.DMA15_IRQHandler
                0x00002dec        0x8 ./startup/startup_mk22f51212.o
                0x00002dec                DMA15_IRQHandler
 .text.DMA_Error_IRQHandler
                0x00002df4        0x8 ./startup/startup_mk22f51212.o
                0x00002df4                DMA_Error_IRQHandler
 .text.MCM_IRQHandler
                0x00002dfc        0x8 ./startup/startup_mk22f51212.o
                0x00002dfc                MCM_IRQHandler
 .text.FTF_IRQHandler
                0x00002e04        0x8 ./startup/startup_mk22f51212.o
                0x00002e04                FTF_IRQHandler
 .text.Read_Collision_IRQHandler
                0x00002e0c        0x8 ./startup/startup_mk22f51212.o
                0x00002e0c                Read_Collision_IRQHandler
 .text.LVD_LVW_IRQHandler
                0x00002e14        0x8 ./startup/startup_mk22f51212.o
                0x00002e14                LVD_LVW_IRQHandler
 .text.LLWU_IRQHandler
                0x00002e1c        0x8 ./startup/startup_mk22f51212.o
                0x00002e1c                LLWU_IRQHandler
 .text.WDOG_EWM_IRQHandler
                0x00002e24        0x8 ./startup/startup_mk22f51212.o
                0x00002e24                WDOG_EWM_IRQHandler
 .text.RNG_IRQHandler
                0x00002e2c        0x8 ./startup/startup_mk22f51212.o
                0x00002e2c                RNG_IRQHandler
 .text.I2C0_IRQHandler
                0x00002e34        0x8 ./startup/startup_mk22f51212.o
                0x00002e34                I2C0_IRQHandler
 .text.I2C1_IRQHandler
                0x00002e3c        0x8 ./startup/startup_mk22f51212.o
                0x00002e3c                I2C1_IRQHandler
 .text.SPI0_IRQHandler
                0x00002e44        0x8 ./startup/startup_mk22f51212.o
                0x00002e44                SPI0_IRQHandler
 .text.SPI1_IRQHandler
                0x00002e4c        0x8 ./startup/startup_mk22f51212.o
                0x00002e4c                SPI1_IRQHandler
 .text.I2S0_Tx_IRQHandler
                0x00002e54        0x8 ./startup/startup_mk22f51212.o
                0x00002e54                I2S0_Tx_IRQHandler
 .text.I2S0_Rx_IRQHandler
                0x00002e5c        0x8 ./startup/startup_mk22f51212.o
                0x00002e5c                I2S0_Rx_IRQHandler
 .text.LPUART0_IRQHandler
                0x00002e64        0x8 ./startup/startup_mk22f51212.o
                0x00002e64                LPUART0_IRQHandler
 .text.UART2_RX_TX_IRQHandler
                0x00002e6c        0x8 ./startup/startup_mk22f51212.o
                0x00002e6c                UART2_RX_TX_IRQHandler
 .text.UART2_ERR_IRQHandler
                0x00002e74        0x8 ./startup/startup_mk22f51212.o
                0x00002e74                UART2_ERR_IRQHandler
 .text.Reserved53_IRQHandler
                0x00002e7c        0x8 ./startup/startup_mk22f51212.o
                0x00002e7c                Reserved53_IRQHandler
 .text.Reserved54_IRQHandler
                0x00002e84        0x8 ./startup/startup_mk22f51212.o
                0x00002e84                Reserved54_IRQHandler
 .text.ADC0_IRQHandler
                0x00002e8c        0x8 ./startup/startup_mk22f51212.o
                0x00002e8c                ADC0_IRQHandler
 .text.CMP0_IRQHandler
                0x00002e94        0x8 ./startup/startup_mk22f51212.o
                0x00002e94                CMP0_IRQHandler
 .text.CMP1_IRQHandler
                0x00002e9c        0x8 ./startup/startup_mk22f51212.o
                0x00002e9c                CMP1_IRQHandler
 .text.Reserved61_IRQHandler
                0x00002ea4        0x8 ./startup/startup_mk22f51212.o
                0x00002ea4                Reserved61_IRQHandler
 .text.RTC_IRQHandler
                0x00002eac        0x8 ./startup/startup_mk22f51212.o
                0x00002eac                RTC_IRQHandler
 .text.RTC_Seconds_IRQHandler
                0x00002eb4        0x8 ./startup/startup_mk22f51212.o
                0x00002eb4                RTC_Seconds_IRQHandler
 .text.PIT0_IRQHandler
                0x00002ebc        0x8 ./startup/startup_mk22f51212.o
                0x00002ebc                PIT0_IRQHandler
 .text.PIT1_IRQHandler
                0x00002ec4        0x8 ./startup/startup_mk22f51212.o
                0x00002ec4                PIT1_IRQHandler
 .text.PIT2_IRQHandler
                0x00002ecc        0x8 ./startup/startup_mk22f51212.o
                0x00002ecc                PIT2_IRQHandler
 .text.PIT3_IRQHandler
                0x00002ed4        0x8 ./startup/startup_mk22f51212.o
                0x00002ed4                PIT3_IRQHandler
 .text.PDB0_IRQHandler
                0x00002edc        0x8 ./startup/startup_mk22f51212.o
                0x00002edc                PDB0_IRQHandler
 .text.USB0_IRQHandler
                0x00002ee4        0x8 ./startup/startup_mk22f51212.o
                0x00002ee4                USB0_IRQHandler
 .text.Reserved70_IRQHandler
                0x00002eec        0x8 ./startup/startup_mk22f51212.o
                0x00002eec                Reserved70_IRQHandler
 .text.Reserved71_IRQHandler
                0x00002ef4        0x8 ./startup/startup_mk22f51212.o
                0x00002ef4                Reserved71_IRQHandler
 .text.DAC0_IRQHandler
                0x00002efc        0x8 ./startup/startup_mk22f51212.o
                0x00002efc                DAC0_IRQHandler
 .text.MCG_IRQHandler
                0x00002f04        0x8 ./startup/startup_mk22f51212.o
                0x00002f04                MCG_IRQHandler
 .text.LPTMR0_IRQHandler
                0x00002f0c        0x8 ./startup/startup_mk22f51212.o
                0x00002f0c                LPTMR0_IRQHandler
 .text.PORTA_IRQHandler
                0x00002f14        0x8 ./startup/startup_mk22f51212.o
                0x00002f14                PORTA_IRQHandler
 .text.PORTB_IRQHandler
                0x00002f1c        0x8 ./startup/startup_mk22f51212.o
                0x00002f1c                PORTB_IRQHandler
 .text.PORTC_IRQHandler
                0x00002f24        0x8 ./startup/startup_mk22f51212.o
                0x00002f24                PORTC_IRQHandler
 .text.PORTD_IRQHandler
                0x00002f2c        0x8 ./startup/startup_mk22f51212.o
                0x00002f2c                PORTD_IRQHandler
 .text.PORTE_IRQHandler
                0x00002f34        0x8 ./startup/startup_mk22f51212.o
                0x00002f34                PORTE_IRQHandler
 .text.SWI_IRQHandler
                0x00002f3c        0x8 ./startup/startup_mk22f51212.o
                0x00002f3c                SWI_IRQHandler
 .text.Reserved81_IRQHandler
                0x00002f44        0x8 ./startup/startup_mk22f51212.o
                0x00002f44                Reserved81_IRQHandler
 .text.Reserved82_IRQHandler
                0x00002f4c        0x8 ./startup/startup_mk22f51212.o
                0x00002f4c                Reserved82_IRQHandler
 .text.Reserved83_IRQHandler
                0x00002f54        0x8 ./startup/startup_mk22f51212.o
                0x00002f54                Reserved83_IRQHandler
 .text.Reserved84_IRQHandler
                0x00002f5c        0x8 ./startup/startup_mk22f51212.o
                0x00002f5c                Reserved84_IRQHandler
 .text.Reserved85_IRQHandler
                0x00002f64        0x8 ./startup/startup_mk22f51212.o
                0x00002f64                Reserved85_IRQHandler
 .text.Reserved86_IRQHandler
                0x00002f6c        0x8 ./startup/startup_mk22f51212.o
                0x00002f6c                Reserved86_IRQHandler
 .text.DAC1_IRQHandler
                0x00002f74        0x8 ./startup/startup_mk22f51212.o
                0x00002f74                DAC1_IRQHandler
 .text.ADC1_IRQHandler
                0x00002f7c        0x8 ./startup/startup_mk22f51212.o
                0x00002f7c                ADC1_IRQHandler
 .text.systemPostInit
                0x00002f84       0x14 ./startup/system.o
                0x00002f84                systemPostInit
 .text.HardFault_Handler
                0x00002f98       0x1a ./startup/system.o
                0x00002f98                HardFault_Handler
 .text.Default_Handler_FTM0
                0x00002fb2       0x10 ./source/utils/ftm0.o
                0x00002fb2                FTM0CH5_IRQHandler
                0x00002fb2                FTM0CH7_IRQHandler
                0x00002fb2                FTM0CH1_IRQHandler
                0x00002fb2                Default_Handler_FTM0
                0x00002fb2                FTM0CH4_IRQHandler
                0x00002fb2                FTM0CH6_IRQHandler
                0x00002fb2                FTM0TOF_IRQHandler
                0x00002fb2                FTM0CH2_IRQHandler
                0x00002fb2                FTM0CH3_IRQHandler
 .text.Default_Handler_FTM3
                0x00002fc2       0x10 ./source/utils/ftm3.o
                0x00002fc2                FTM3CH6_IRQHandler
                0x00002fc2                FTM3CH7_IRQHandler
                0x00002fc2                FTM3CH0_IRQHandler
                0x00002fc2                FTM3TOF_IRQHandler
                0x00002fc2                FTM3CH3_IRQHandler
                0x00002fc2                Default_Handler_FTM3
                0x00002fc2                FTM3CH4_IRQHandler
                0x00002fc2                FTM3CH2_IRQHandler
                0x00002fc2                FTM3CH5_IRQHandler
                0x00002fc2                FTM3CH1_IRQHandler
 .text.mapRangeToAnother
                0x00002fd2       0x4c ./source/utils/map.o
                0x00002fd2                mapRangeToAnother
 .text.utilScanDecimal16u
                0x0000301e       0x96 ./source/utils/util.o
                0x0000301e                utilScanDecimal16u
 .text.termWrite
                0x000030b4       0x30 ./source/com/term.o
                0x000030b4                termWrite
 .text.termWriteLine
                0x000030e4       0x1c ./source/com/term.o
                0x000030e4                termWriteLine
 .text.termWriteSubString
                0x00003100       0x3a ./source/com/term.o
                0x00003100                termWriteSubString
 .text.NVIC_DisableIRQEx
                0x0000313a       0x24 ./source/com/uart0.o
 .text.uart0ReadLine
                0x0000315e       0x4c ./source/com/uart0.o
                0x0000315e                uart0ReadLine
 .text.NVIC_DisableIRQEx
                0x000031aa       0x24 ./source/com/uart1.o
 .text.uart1ReadLine
                0x000031ce       0x4c ./source/com/uart1.o
                0x000031ce                uart1ReadLine
 .text._write   0x0000321a       0x34 ./source/com/uart1.o
                0x0000321a                _write
 .text._read    0x0000324e       0x22 ./source/com/uart1.o
                0x0000324e                _read
 .text.OSC_SetExtRefClkConfig
                0x00003270       0x40 ./drivers/fsl_clock.o
 .text.OSC_SetCapLoad
                0x000032b0       0x34 ./drivers/fsl_clock.o
 .text.SMC_SetPowerModeHsrun
                0x000032e4       0x36 ./drivers/fsl_smc.o
                0x000032e4                SMC_SetPowerModeHsrun
 .text.SMC_SetPowerModeProtection
                0x0000331a       0x1e ./board/clock_config.o
 .text.SMC_GetPowerModeState
                0x00003338       0x1a ./board/clock_config.o
 .text.BOARD_InitBootClocks
                0x00003352        0xc ./board/clock_config.o
                0x00003352                BOARD_InitBootClocks
 .text.BOARD_InitPeripherals
                0x0000335e        0xe ./board/peripherals.o
                0x0000335e                BOARD_InitPeripherals
 .text.BOARD_InitBootPeripherals
                0x0000336c        0xc ./board/peripherals.o
                0x0000336c                BOARD_InitBootPeripherals
 .text.BOARD_InitBootPins
                0x00003378        0xc ./board/pin_mux.o
                0x00003378                BOARD_InitBootPins
 .text.BOARD_InitPins
                0x00003384        0xe ./board/pin_mux.o
                0x00003384                BOARD_InitPins
 .text.__sfputc_r
                0x00003392       0x2e d:/nxp/mcuxpressoide_11.1.1_3241/ide/plugins/com.nxp.mcuxpresso.tools.win32_11.1.0.202001081728/tools/bin/../lib/gcc/arm-none-eabi/8.3.1/../../../../arm-none-eabi/lib/thumb/v7e-m+fp/hard\libc_nano.a(lib_a-nano-vfprintf.o)
 .text.__sfputs_r
                0x000033c0       0x24 d:/nxp/mcuxpressoide_11.1.1_3241/ide/plugins/com.nxp.mcuxpresso.tools.win32_11.1.0.202001081728/tools/bin/../lib/gcc/arm-none-eabi/8.3.1/../../../../arm-none-eabi/lib/thumb/v7e-m+fp/hard\libc_nano.a(lib_a-nano-vfprintf.o)
                0x000033c0                __sfputs_r
 .text._printf_common
                0x000033e4       0xea d:/nxp/mcuxpressoide_11.1.1_3241/ide/plugins/com.nxp.mcuxpresso.tools.win32_11.1.0.202001081728/tools/bin/../lib/gcc/arm-none-eabi/8.3.1/../../../../arm-none-eabi/lib/thumb/v7e-m+fp/hard\libc_nano.a(lib_a-nano-vfprintf_i.o)
                0x000033e4                _printf_common
 .text.strcat   0x000034ce       0x20 d:/nxp/mcuxpressoide_11.1.1_3241/ide/plugins/com.nxp.mcuxpresso.tools.win32_11.1.0.202001081728/tools/bin/../lib/gcc/arm-none-eabi/8.3.1/../../../../arm-none-eabi/lib/thumb/v7e-m+fp/hard\libc_nano.a(lib_a-strcat.o)
                0x000034ce                strcat
 .text          0x000034ee       0x14 d:/nxp/mcuxpressoide_11.1.1_3241/ide/plugins/com.nxp.mcuxpresso.tools.win32_11.1.0.202001081728/tools/bin/../lib/gcc/arm-none-eabi/8.3.1/../../../../arm-none-eabi/lib/thumb/v7e-m+fp/hard\libc_nano.a(lib_a-strcmp.o)
                0x000034ee                strcmp
 .text          0x00003502       0x10 d:/nxp/mcuxpressoide_11.1.1_3241/ide/plugins/com.nxp.mcuxpresso.tools.win32_11.1.0.202001081728/tools/bin/../lib/gcc/arm-none-eabi/8.3.1/../../../../arm-none-eabi/lib/thumb/v7e-m+fp/hard\libc_nano.a(lib_a-strlen.o)
                0x00003502                strlen
 .text.strncmp  0x00003512       0x24 d:/nxp/mcuxpressoide_11.1.1_3241/ide/plugins/com.nxp.mcuxpresso.tools.win32_11.1.0.202001081728/tools/bin/../lib/gcc/arm-none-eabi/8.3.1/../../../../arm-none-eabi/lib/thumb/v7e-m+fp/hard\libc_nano.a(lib_a-strncmp.o)
                0x00003512                strncmp
 .text.strncpy  0x00003536       0x26 d:/nxp/mcuxpressoide_11.1.1_3241/ide/plugins/com.nxp.mcuxpresso.tools.win32_11.1.0.202001081728/tools/bin/../lib/gcc/arm-none-eabi/8.3.1/../../../../arm-none-eabi/lib/thumb/v7e-m+fp/hard\libc_nano.a(lib_a-strncpy.o)
                0x00003536                strncpy
 .text.abort    0x0000355c        0xe d:/nxp/mcuxpressoide_11.1.1_3241/ide/plugins/com.nxp.mcuxpresso.tools.win32_11.1.0.202001081728/tools/bin/../lib/gcc/arm-none-eabi/8.3.1/../../../../arm-none-eabi/lib/thumb/v7e-m+fp/hard\libc_nano.a(lib_a-abort.o)
                0x0000355c                abort
 .text.__sfmoreglue
                0x0000356a       0x2c d:/nxp/mcuxpressoide_11.1.1_3241/ide/plugins/com.nxp.mcuxpresso.tools.win32_11.1.0.202001081728/tools/bin/../lib/gcc/arm-none-eabi/8.3.1/../../../../arm-none-eabi/lib/thumb/v7e-m+fp/hard\libc_nano.a(lib_a-findfp.o)
                0x0000356a                __sfmoreglue
 .text._fwalk_reent
                0x00003596       0x3c d:/nxp/mcuxpressoide_11.1.1_3241/ide/plugins/com.nxp.mcuxpresso.tools.win32_11.1.0.202001081728/tools/bin/../lib/gcc/arm-none-eabi/8.3.1/../../../../arm-none-eabi/lib/thumb/v7e-m+fp/hard\libc_nano.a(lib_a-fwalk.o)
                0x00003596                _fwalk_reent
 .text.__retarget_lock_init_recursive
                0x000035d2        0x2 d:/nxp/mcuxpressoide_11.1.1_3241/ide/plugins/com.nxp.mcuxpresso.tools.win32_11.1.0.202001081728/tools/bin/../lib/gcc/arm-none-eabi/8.3.1/../../../../arm-none-eabi/lib/thumb/v7e-m+fp/hard\libc_nano.a(lib_a-lock.o)
                0x000035d2                __retarget_lock_init_recursive
 .text.__retarget_lock_acquire_recursive
                0x000035d4        0x2 d:/nxp/mcuxpressoide_11.1.1_3241/ide/plugins/com.nxp.mcuxpresso.tools.win32_11.1.0.202001081728/tools/bin/../lib/gcc/arm-none-eabi/8.3.1/../../../../arm-none-eabi/lib/thumb/v7e-m+fp/hard\libc_nano.a(lib_a-lock.o)
                0x000035d4                __retarget_lock_acquire_recursive
 .text.__retarget_lock_release_recursive
                0x000035d6        0x2 d:/nxp/mcuxpressoide_11.1.1_3241/ide/plugins/com.nxp.mcuxpresso.tools.win32_11.1.0.202001081728/tools/bin/../lib/gcc/arm-none-eabi/8.3.1/../../../../arm-none-eabi/lib/thumb/v7e-m+fp/hard\libc_nano.a(lib_a-lock.o)
                0x000035d6                __retarget_lock_release_recursive
 .text.__swhatbuf_r
                0x000035d8       0x48 d:/nxp/mcuxpressoide_11.1.1_3241/ide/plugins/com.nxp.mcuxpresso.tools.win32_11.1.0.202001081728/tools/bin/../lib/gcc/arm-none-eabi/8.3.1/../../../../arm-none-eabi/lib/thumb/v7e-m+fp/hard\libc_nano.a(lib_a-makebuf.o)
                0x000035d8                __swhatbuf_r
 .text.memset   0x00003620       0x10 d:/nxp/mcuxpressoide_11.1.1_3241/ide/plugins/com.nxp.mcuxpresso.tools.win32_11.1.0.202001081728/tools/bin/../lib/gcc/arm-none-eabi/8.3.1/../../../../arm-none-eabi/lib/thumb/v7e-m+fp/hard\libc_nano.a(lib_a-memset.o)
                0x00003620                memset
 .text._raise_r
                0x00003630       0x50 d:/nxp/mcuxpressoide_11.1.1_3241/ide/plugins/com.nxp.mcuxpresso.tools.win32_11.1.0.202001081728/tools/bin/../lib/gcc/arm-none-eabi/8.3.1/../../../../arm-none-eabi/lib/thumb/v7e-m+fp/hard\libc_nano.a(lib_a-signal.o)
                0x00003630                _raise_r
 .text._getpid_r
                0x00003680        0x4 d:/nxp/mcuxpressoide_11.1.1_3241/ide/plugins/com.nxp.mcuxpresso.tools.win32_11.1.0.202001081728/tools/bin/../lib/gcc/arm-none-eabi/8.3.1/../../../../arm-none-eabi/lib/thumb/v7e-m+fp/hard\libc_nano.a(lib_a-signalr.o)
                0x00003680                _getpid_r
 .text.__sread  0x00003684       0x22 d:/nxp/mcuxpressoide_11.1.1_3241/ide/plugins/com.nxp.mcuxpresso.tools.win32_11.1.0.202001081728/tools/bin/../lib/gcc/arm-none-eabi/8.3.1/../../../../arm-none-eabi/lib/thumb/v7e-m+fp/hard\libc_nano.a(lib_a-stdio.o)
                0x00003684                __sread
 .text.__swrite
                0x000036a6       0x38 d:/nxp/mcuxpressoide_11.1.1_3241/ide/plugins/com.nxp.mcuxpresso.tools.win32_11.1.0.202001081728/tools/bin/../lib/gcc/arm-none-eabi/8.3.1/../../../../arm-none-eabi/lib/thumb/v7e-m+fp/hard\libc_nano.a(lib_a-stdio.o)
                0x000036a6                __swrite
 .text.__sseek  0x000036de       0x24 d:/nxp/mcuxpressoide_11.1.1_3241/ide/plugins/com.nxp.mcuxpresso.tools.win32_11.1.0.202001081728/tools/bin/../lib/gcc/arm-none-eabi/8.3.1/../../../../arm-none-eabi/lib/thumb/v7e-m+fp/hard\libc_nano.a(lib_a-stdio.o)
                0x000036de                __sseek
 .text.__sclose
                0x00003702        0x8 d:/nxp/mcuxpressoide_11.1.1_3241/ide/plugins/com.nxp.mcuxpresso.tools.win32_11.1.0.202001081728/tools/bin/../lib/gcc/arm-none-eabi/8.3.1/../../../../arm-none-eabi/lib/thumb/v7e-m+fp/hard\libc_nano.a(lib_a-stdio.o)
                0x00003702                __sclose
 .text._exit    0x0000370a        0x2 d:/nxp/mcuxpressoide_11.1.1_3241/ide/plugins/com.nxp.mcuxpresso.tools.win32_11.1.0.202001081728/tools/bin/../lib/gcc/arm-none-eabi/8.3.1/../../../../arm-none-eabi/lib/thumb/v7e-m+fp/hard\libcr_newlib_nohost.a(_exit.o)
                0x0000370a                _exit
 *(SORT_BY_ALIGNMENT(.rodata) SORT_BY_ALIGNMENT(.rodata.*) SORT_BY_ALIGNMENT(.constdata) SORT_BY_ALIGNMENT(.constdata.*))
 .rodata.servoParseCommand.str1.4
                0x0000370c       0x6d ./source/servo/servo.o
 *fill*         0x00003779        0x3 ff
 .rodata.servoInit.str1.4
                0x0000377c        0xc ./source/servo/servo.o
 .rodata.quadTable
                0x00003788       0x10 ./source/drive/quad.o
 .rodata.termRegisterCommandLineHandler.str1.4
                0x00003798        0x2 ./source/com/term.o
 *fill*         0x0000379a        0x2 ff
 .rodata.termParseCommand.str1.4
                0x0000379c       0x94 ./source/com/term.o
                                 0x9c (size before relaxing)
 .rodata.termInit.str1.4
                0x00003830       0x29 ./source/com/term.o
 *fill*         0x00003859        0x3 ff
 .rodata.CLOCK_GetMcgExtClkFreq.str1.4
                0x0000385c       0x37 ./drivers/fsl_clock.o
 *fill*         0x00003893        0x1 ff
 .rodata.CLOCK_EnablePll0.str1.4
                0x00003894        0x8 ./drivers/fsl_clock.o
                                  0x7 (size before relaxing)
 .rodata.__func__.8178
                0x0000389c       0x11 ./drivers/fsl_clock.o
 *fill*         0x000038ad        0x3 ff
 .rodata.__func__.8320
                0x000038b0       0x11 ./drivers/fsl_clock.o
 *fill*         0x000038c1        0x3 ff
 .rodata.__func__.8387
                0x000038c4       0x14 ./drivers/fsl_clock.o
 .rodata.mcgConfig_BOARD_BootClockRUN
                0x000038d8        0xb ./board/clock_config.o
                0x000038d8                mcgConfig_BOARD_BootClockRUN
 *fill*         0x000038e3        0x1 ff
 .rodata.simConfig_BOARD_BootClockRUN
                0x000038e4        0x8 ./board/clock_config.o
                0x000038e4                simConfig_BOARD_BootClockRUN
 .rodata.oscConfig_BOARD_BootClockRUN
                0x000038ec        0x8 ./board/clock_config.o
                0x000038ec                oscConfig_BOARD_BootClockRUN
 .rodata._global_impure_ptr
                0x000038f4        0x4 d:/nxp/mcuxpressoide_11.1.1_3241/ide/plugins/com.nxp.mcuxpresso.tools.win32_11.1.0.202001081728/tools/bin/../lib/gcc/arm-none-eabi/8.3.1/../../../../arm-none-eabi/lib/thumb/v7e-m+fp/hard\libc_nano.a(lib_a-impure.o)
                0x000038f4                _global_impure_ptr
 .rodata.__sf_fake_stderr
                0x000038f8       0x20 d:/nxp/mcuxpressoide_11.1.1_3241/ide/plugins/com.nxp.mcuxpresso.tools.win32_11.1.0.202001081728/tools/bin/../lib/gcc/arm-none-eabi/8.3.1/../../../../arm-none-eabi/lib/thumb/v7e-m+fp/hard\libc_nano.a(lib_a-findfp.o)
                0x000038f8                __sf_fake_stderr
 .rodata.__sf_fake_stdin
                0x00003918       0x20 d:/nxp/mcuxpressoide_11.1.1_3241/ide/plugins/com.nxp.mcuxpresso.tools.win32_11.1.0.202001081728/tools/bin/../lib/gcc/arm-none-eabi/8.3.1/../../../../arm-none-eabi/lib/thumb/v7e-m+fp/hard\libc_nano.a(lib_a-findfp.o)
                0x00003918                __sf_fake_stdin
 .rodata.__sf_fake_stdout
                0x00003938       0x20 d:/nxp/mcuxpressoide_11.1.1_3241/ide/plugins/com.nxp.mcuxpresso.tools.win32_11.1.0.202001081728/tools/bin/../lib/gcc/arm-none-eabi/8.3.1/../../../../arm-none-eabi/lib/thumb/v7e-m+fp/hard\libc_nano.a(lib_a-findfp.o)
                0x00003938                __sf_fake_stdout
 .rodata.__assert_func.str1.1
                0x00003958       0x3c d:/nxp/mcuxpressoide_11.1.1_3241/ide/plugins/com.nxp.mcuxpresso.tools.win32_11.1.0.202001081728/tools/bin/../lib/gcc/arm-none-eabi/8.3.1/../../../../arm-none-eabi/lib/thumb/v7e-m+fp/hard\libc_nano.a(lib_a-assert.o)
                                 0x3d (size before relaxing)
 .rodata._vfprintf_r.str1.1
                0x00003994       0x11 d:/nxp/mcuxpressoide_11.1.1_3241/ide/plugins/com.nxp.mcuxpresso.tools.win32_11.1.0.202001081728/tools/bin/../lib/gcc/arm-none-eabi/8.3.1/../../../../arm-none-eabi/lib/thumb/v7e-m+fp/hard\libc_nano.a(lib_a-nano-vfprintf.o)
 .rodata._printf_i.str1.1
                0x000039a5       0x22 d:/nxp/mcuxpressoide_11.1.1_3241/ide/plugins/com.nxp.mcuxpresso.tools.win32_11.1.0.202001081728/tools/bin/../lib/gcc/arm-none-eabi/8.3.1/../../../../arm-none-eabi/lib/thumb/v7e-m+fp/hard\libc_nano.a(lib_a-nano-vfprintf_i.o)
                0x000039c8                . = ALIGN (0x4)
 *fill*         0x000039c7        0x1 ff

.glue_7         0x000039c8        0x0
 .glue_7        0x000039c8        0x0 linker stubs

.glue_7t        0x000039c8        0x0
 .glue_7t       0x000039c8        0x0 linker stubs

.vfp11_veneer   0x000039c8        0x0
 .vfp11_veneer  0x000039c8        0x0 linker stubs

.v4_bx          0x000039c8        0x0
 .v4_bx         0x000039c8        0x0 linker stubs

.iplt           0x000039c8        0x0
 .iplt          0x000039c8        0x0 ./startup/startup_mk22f51212.o

.rel.dyn        0x000039c8        0x0
 .rel.iplt      0x000039c8        0x0 ./startup/startup_mk22f51212.o

.ARM.extab
 *(SORT_BY_ALIGNMENT(.ARM.extab*) SORT_BY_ALIGNMENT(.gnu.linkonce.armextab.*))

.ARM.exidx      0x000039c8        0x0
                0x000039c8                __exidx_start = .
 *(SORT_BY_ALIGNMENT(.ARM.exidx*) SORT_BY_ALIGNMENT(.gnu.linkonce.armexidx.*))
                0x000039c8                __exidx_end = .
                0x000039c8                _etext = .

.m_usb_data
 *(SORT_BY_ALIGNMENT(m_usb_bdt))

.data_RAM2      0x1fff0000        0x0 load address 0x000039c8
 FILL mask 0xff
                [!provide]                PROVIDE (__start_data_RAM2 = .)
                [!provide]                PROVIDE (__start_data_SRAM_LOWER = .)
 *(SORT_BY_ALIGNMENT(.ramfunc.$RAM2))
 *(SORT_BY_ALIGNMENT(.ramfunc.$SRAM_LOWER))
 *(SORT_BY_ALIGNMENT(.data.$RAM2))
 *(SORT_BY_ALIGNMENT(.data.$SRAM_LOWER))
 *(SORT_BY_ALIGNMENT(.data.$RAM2.*))
 *(SORT_BY_ALIGNMENT(.data.$SRAM_LOWER.*))
                0x1fff0000                . = ALIGN (0x4)
                [!provide]                PROVIDE (__end_data_RAM2 = .)
                [!provide]                PROVIDE (__end_data_SRAM_LOWER = .)

.uninit_RESERVED
                0x20000000        0x0
                0x20000000                _start_uninit_RESERVED = .
 *(SORT_BY_ALIGNMENT(.bss.$RESERVED*))
                0x20000000                . = ALIGN (0x4)
                0x20000000                _end_uninit_RESERVED = .

.data           0x20000000       0x6c load address 0x000039c8
 FILL mask 0xff
                0x20000000                _data = .
                [!provide]                PROVIDE (__start_data_RAM = .)
                [!provide]                PROVIDE (__start_data_SRAM_UPPER = .)
 *(SORT_BY_ALIGNMENT(vtable))
 *(SORT_BY_ALIGNMENT(.ramfunc*))
 *(SORT_BY_ALIGNMENT(CodeQuickAccess))
 *(SORT_BY_ALIGNMENT(DataQuickAccess))
 *(SORT_BY_ALIGNMENT(RamFunction))
 *(SORT_BY_ALIGNMENT(.data*))
 .data.SystemCoreClock
                0x20000000        0x4 ./device/system_MK22F51212.o
                0x20000000                SystemCoreClock
 .data._impure_ptr
                0x20000004        0x4 d:/nxp/mcuxpressoide_11.1.1_3241/ide/plugins/com.nxp.mcuxpresso.tools.win32_11.1.0.202001081728/tools/bin/../lib/gcc/arm-none-eabi/8.3.1/../../../../arm-none-eabi/lib/thumb/v7e-m+fp/hard\libc_nano.a(lib_a-impure.o)
                0x20000004                _impure_ptr
 .data.impure_data
                0x20000008       0x60 d:/nxp/mcuxpressoide_11.1.1_3241/ide/plugins/com.nxp.mcuxpresso.tools.win32_11.1.0.202001081728/tools/bin/../lib/gcc/arm-none-eabi/8.3.1/../../../../arm-none-eabi/lib/thumb/v7e-m+fp/hard\libc_nano.a(lib_a-impure.o)
 .data.init.7123
                0x20000068        0x1 ./source/drive/quad.o
 .data.init.7139
                0x20000069        0x1 ./source/drive/quad.o
                0x2000006c                . = ALIGN (0x4)
 *fill*         0x2000006a        0x2 ff
                0x2000006c                _edata = .
                [!provide]                PROVIDE (__end_data_RAM = .)
                [!provide]                PROVIDE (__end_data_SRAM_UPPER = .)

.igot.plt       0x2000006c        0x0 load address 0x00003a34
 .igot.plt      0x2000006c        0x0 ./startup/startup_mk22f51212.o

.bss_RAM2       0x1fff0000        0x0
                [!provide]                PROVIDE (__start_bss_RAM2 = .)
                [!provide]                PROVIDE (__start_bss_SRAM_LOWER = .)
 *(SORT_BY_ALIGNMENT(.bss.$RAM2))
 *(SORT_BY_ALIGNMENT(.bss.$SRAM_LOWER))
 *(SORT_BY_ALIGNMENT(.bss.$RAM2.*))
 *(SORT_BY_ALIGNMENT(.bss.$SRAM_LOWER.*))
                0x1fff0000                . = ALIGN ((. != 0x0)?0x4:0x1)
                [!provide]                PROVIDE (__end_bss_RAM2 = .)
                [!provide]                PROVIDE (__end_bss_SRAM_LOWER = .)

.bss            0x2000006c      0x8f8
                0x2000006c                _bss = .
                [!provide]                PROVIDE (__start_bss_RAM = .)
                [!provide]                PROVIDE (__start_bss_SRAM_UPPER = .)
 *(SORT_BY_ALIGNMENT(.bss*))
 .bss.stacked_r0.7994
                0x2000006c        0x4 ./startup/system.o
 .bss.stacked_r1.7995
                0x20000070        0x4 ./startup/system.o
 .bss.stacked_r2.7996
                0x20000074        0x4 ./startup/system.o
 .bss.stacked_r3.7997
                0x20000078        0x4 ./startup/system.o
 .bss.stacked_r12.7998
                0x2000007c        0x4 ./startup/system.o
 .bss.stacked_lr.7999
                0x20000080        0x4 ./startup/system.o
 .bss.stacked_pc.8000
                0x20000084        0x4 ./startup/system.o
 .bss.stacked_psr.8001
                0x20000088        0x4 ./startup/system.o
 .bss._CFSR.8002
                0x2000008c        0x4 ./startup/system.o
 .bss._HFSR.8003
                0x20000090        0x4 ./startup/system.o
 .bss._DFSR.8004
                0x20000094        0x4 ./startup/system.o
 .bss._AFSR.8005
                0x20000098        0x4 ./startup/system.o
 .bss._MMAR.8007
                0x2000009c        0x4 ./startup/system.o
 .bss._BFAR.8006
                0x200000a0        0x4 ./startup/system.o
 .bss.tmrPlayTimeTicks
                0x200000a4        0x4 ./source/sound/sound.o
 .bss.soundFinishedCallback
                0x200000a8        0x4 ./source/sound/sound.o
 .bss.clh       0x200000ac       0x38 ./source/servo/servo.o
 .bss.ticksLeft
                0x200000e4        0x4 ./source/drive/quad.o
 .bss.timeLeft  0x200000e8        0x4 ./source/drive/quad.o
 .bss.ticksRight
                0x200000ec        0x4 ./source/drive/quad.o
 .bss.timeRight
                0x200000f0        0x4 ./source/drive/quad.o
 .bss.risingB.7119
                0x200000f4        0x4 ./source/drive/quad.o
 .bss.fallingB.7120
                0x200000f8        0x4 ./source/drive/quad.o
 .bss.risingA.7121
                0x200000fc        0x4 ./source/drive/quad.o
 .bss.fallingA.7122
                0x20000100        0x4 ./source/drive/quad.o
 .bss.risingB.7135
                0x20000104        0x4 ./source/drive/quad.o
 .bss.fallingB.7136
                0x20000108        0x4 ./source/drive/quad.o
 .bss.risingA.7137
                0x2000010c        0x4 ./source/drive/quad.o
 .bss.fallingA.7138
                0x20000110        0x4 ./source/drive/quad.o
 .bss.head      0x20000114        0x4 ./source/com/term.o
 .bss.rxBuf     0x20000118      0x200 ./source/com/uart0.o
 .bss.txBuf     0x20000318      0x200 ./source/com/uart0.o
 .bss.rxBuf     0x20000518      0x200 ./source/com/uart1.o
 .bss.txBuf     0x20000718      0x200 ./source/com/uart1.o
 .bss.g_xtal0Freq
                0x20000918        0x4 ./drivers/fsl_clock.o
                0x20000918                g_xtal0Freq
 .bss.__malloc_free_list
                0x2000091c        0x4 d:/nxp/mcuxpressoide_11.1.1_3241/ide/plugins/com.nxp.mcuxpresso.tools.win32_11.1.0.202001081728/tools/bin/../lib/gcc/arm-none-eabi/8.3.1/../../../../arm-none-eabi/lib/thumb/v7e-m+fp/hard\libc_nano.a(lib_a-nano-mallocr.o)
                0x2000091c                __malloc_free_list
 .bss.__malloc_sbrk_start
                0x20000920        0x4 d:/nxp/mcuxpressoide_11.1.1_3241/ide/plugins/com.nxp.mcuxpresso.tools.win32_11.1.0.202001081728/tools/bin/../lib/gcc/arm-none-eabi/8.3.1/../../../../arm-none-eabi/lib/thumb/v7e-m+fp/hard\libc_nano.a(lib_a-nano-mallocr.o)
                0x20000920                __malloc_sbrk_start
 .bss.__end_of_heap
                0x20000924        0x4 d:/nxp/mcuxpressoide_11.1.1_3241/ide/plugins/com.nxp.mcuxpresso.tools.win32_11.1.0.202001081728/tools/bin/../lib/gcc/arm-none-eabi/8.3.1/../../../../arm-none-eabi/lib/thumb/v7e-m+fp/hard\libcr_newlib_nohost.a(_cr_sbrk.o)
                0x20000924                __end_of_heap
 .bss.tmrFrequencyTicks
                0x20000928        0x2 ./source/sound/sound.o
 .bss.rxBufCount
                0x2000092a        0x2 ./source/com/uart0.o
 .bss.rxBufWritePos
                0x2000092c        0x2 ./source/com/uart0.o
 .bss.rxBufReadPos
                0x2000092e        0x2 ./source/com/uart0.o
 .bss.txBufCount
                0x20000930        0x2 ./source/com/uart0.o
 .bss.txBufWritePos
                0x20000932        0x2 ./source/com/uart0.o
 .bss.txBufReadPos
                0x20000934        0x2 ./source/com/uart0.o
 .bss.rxBufCount
                0x20000936        0x2 ./source/com/uart1.o
 .bss.rxBufWritePos
                0x20000938        0x2 ./source/com/uart1.o
 .bss.rxBufReadPos
                0x2000093a        0x2 ./source/com/uart1.o
 .bss.txBufCount
                0x2000093c        0x2 ./source/com/uart1.o
 .bss.txBufWritePos
                0x2000093e        0x2 ./source/com/uart1.o
 .bss.txBufReadPos
                0x20000940        0x2 ./source/com/uart1.o
 .bss.j.6631    0x20000942        0x2 ./source/main.o
 .bss.errorLeft
                0x20000944        0x1 ./source/drive/quad.o
 .bss.errorRight
                0x20000945        0x1 ./source/drive/quad.o
 .bss.fallingOkB.7116
                0x20000946        0x1 ./source/drive/quad.o
 .bss.risingOkB.7115
                0x20000947        0x1 ./source/drive/quad.o
 .bss.fallingOkA.7118
                0x20000948        0x1 ./source/drive/quad.o
 .bss.risingOkA.7117
                0x20000949        0x1 ./source/drive/quad.o
 .bss.bits.7114
                0x2000094a        0x1 ./source/drive/quad.o
 .bss.fallingOkB.7132
                0x2000094b        0x1 ./source/drive/quad.o
 .bss.risingOkB.7131
                0x2000094c        0x1 ./source/drive/quad.o
 .bss.fallingOkA.7134
                0x2000094d        0x1 ./source/drive/quad.o
 .bss.risingOkA.7133
                0x2000094e        0x1 ./source/drive/quad.o
 .bss.bits.7130
                0x2000094f        0x1 ./source/drive/quad.o
 .bss.destination
                0x20000950        0x1 ./source/com/term.o
 *(SORT_BY_ALIGNMENT(COMMON))
 *fill*         0x20000951        0x3 
 COMMON         0x20000954        0x4 d:/nxp/mcuxpressoide_11.1.1_3241/ide/plugins/com.nxp.mcuxpresso.tools.win32_11.1.0.202001081728/tools/bin/../lib/gcc/arm-none-eabi/8.3.1/../../../../arm-none-eabi/lib/thumb/v7e-m+fp/hard\libc_nano.a(lib_a-reent.o)
                0x20000954                errno
 COMMON         0x20000958        0x9 d:/nxp/mcuxpressoide_11.1.1_3241/ide/plugins/com.nxp.mcuxpresso.tools.win32_11.1.0.202001081728/tools/bin/../lib/gcc/arm-none-eabi/8.3.1/../../../../arm-none-eabi/lib/thumb/v7e-m+fp/hard\libc_nano.a(lib_a-lock.o)
                0x20000958                __lock___atexit_recursive_mutex
                0x20000959                __lock___arc4random_mutex
                0x2000095a                __lock___env_recursive_mutex
                0x2000095b                __lock___sinit_recursive_mutex
                0x2000095c                __lock___malloc_recursive_mutex
                0x2000095d                __lock___at_quick_exit_mutex
                0x2000095e                __lock___dd_hash_mutex
                0x2000095f                __lock___tz_mutex
                0x20000960                __lock___sfp_recursive_mutex
                0x20000964                . = ALIGN (0x4)
 *fill*         0x20000961        0x3 
                0x20000964                _ebss = .
                [!provide]                PROVIDE (__end_bss_RAM = .)
                [!provide]                PROVIDE (__end_bss_SRAM_UPPER = .)
                [!provide]                PROVIDE (end = .)

.noinit_RAM2    0x1fff0000        0x0
                [!provide]                PROVIDE (__start_noinit_RAM2 = .)
                [!provide]                PROVIDE (__start_noinit_SRAM_LOWER = .)
 *(SORT_BY_ALIGNMENT(.noinit.$RAM2))
 *(SORT_BY_ALIGNMENT(.noinit.$SRAM_LOWER))
 *(SORT_BY_ALIGNMENT(.noinit.$RAM2.*))
 *(SORT_BY_ALIGNMENT(.noinit.$SRAM_LOWER.*))
                0x1fff0000                . = ALIGN (0x4)
                [!provide]                PROVIDE (__end_noinit_RAM2 = .)
                [!provide]                PROVIDE (__end_noinit_SRAM_LOWER = .)

.noinit         0x20000964        0x0
                0x20000964                _noinit = .
                [!provide]                PROVIDE (__start_noinit_RAM = .)
                [!provide]                PROVIDE (__start_noinit_SRAM_UPPER = .)
 *(SORT_BY_ALIGNMENT(.noinit*))
                0x20000964                . = ALIGN (0x4)
                0x20000964                _end_noinit = .
                [!provide]                PROVIDE (__end_noinit_RAM = .)
                [!provide]                PROVIDE (__end_noinit_SRAM_UPPER = .)
                0x00001000                _HeapSize = 0x1000

.heap           0x20000964     0x1000
                0x20000964                _pvHeapStart = .
                0x20001964                . = (. + _HeapSize)
 *fill*         0x20000964     0x1000 
                0x20001964                . = ALIGN (0x4)
                0x20001964                _pvHeapLimit = .
                0x00001000                _StackSize = 0x1000

.heap2stackfill
                0x20001964     0x1000
                0x20002964                . = (. + _StackSize)
 *fill*         0x20001964     0x1000 

.stack          0x2000f000        0x0
                0x2000f000                _vStackBase = .
                0x2000f000                . = ALIGN (0x4)
                0x20010000                _vStackTop = (. + _StackSize)
                0x00000000                _image_start = LOADADDR (.text)
                0x00003a34                _image_end = (LOADADDR (.data) + SIZEOF (.data))
                0x00003a34                _image_size = (_image_end - _image_start)
OUTPUT(pren_stari_climb.axf elf32-littlearm)

.debug_info     0x00000000    0x14944
 .debug_info    0x00000000      0x84a ./startup/startup_mk22f51212.o
 .debug_info    0x0000084a     0x1090 ./startup/system.o
 .debug_info    0x000018da      0x9f2 ./source/utils/ftm0.o
 .debug_info    0x000022cc      0x9f2 ./source/utils/ftm3.o
 .debug_info    0x00002cbe       0xfc ./source/utils/map.o
 .debug_info    0x00002dba      0xf28 ./source/utils/util.o
 .debug_info    0x00003ce2      0xdd9 ./source/sound/sound.o
 .debug_info    0x00004abb      0xd4f ./source/servo/servo.o
 .debug_info    0x0000580a     0x17de ./source/drive/quad.o
 .debug_info    0x00006fe8      0xeb8 ./source/com/term.o
 .debug_info    0x00007ea0      0xe9e ./source/com/uart0.o
 .debug_info    0x00008d3e      0xf39 ./source/com/uart1.o
 .debug_info    0x00009c77      0x3e8 ./source/main.o
 .debug_info    0x0000a05f     0x2a96 ./drivers/fsl_clock.o
 .debug_info    0x0000caf5     0x13fe ./drivers/fsl_smc.o
 .debug_info    0x0000def3      0x658 ./device/system_MK22F51212.o
 .debug_info    0x0000e54b     0x13d0 ./board/clock_config.o
 .debug_info    0x0000f91b       0x4e ./board/peripherals.o
 .debug_info    0x0000f969      0x99c ./board/pin_mux.o
 .debug_info    0x00010305      0x9f8 d:/nxp/mcuxpressoide_11.1.1_3241/ide/plugins/com.nxp.mcuxpresso.tools.win32_11.1.0.202001081728/tools/bin/../lib/gcc/arm-none-eabi/8.3.1/../../../../arm-none-eabi/lib/thumb/v7e-m+fp/hard\libcr_newlib_nohost.a(_cr_sbrk.o)
 .debug_info    0x00010cfd       0xa3 d:/nxp/mcuxpressoide_11.1.1_3241/ide/plugins/com.nxp.mcuxpresso.tools.win32_11.1.0.202001081728/tools/bin/../lib/gcc/arm-none-eabi/8.3.1/../../../../arm-none-eabi/lib/thumb/v7e-m+fp/hard\libcr_newlib_nohost.a(_exit.o)
 .debug_info    0x00010da0      0x979 d:/nxp/mcuxpressoide_11.1.1_3241/ide/plugins/com.nxp.mcuxpresso.tools.win32_11.1.0.202001081728/tools/bin/../lib/gcc/arm-none-eabi/8.3.1/../../../../arm-none-eabi/lib/thumb/v7e-m+fp/hard\libcr_newlib_nohost.a(close.o)
 .debug_info    0x00011719      0xbbb d:/nxp/mcuxpressoide_11.1.1_3241/ide/plugins/com.nxp.mcuxpresso.tools.win32_11.1.0.202001081728/tools/bin/../lib/gcc/arm-none-eabi/8.3.1/../../../../arm-none-eabi/lib/thumb/v7e-m+fp/hard\libcr_newlib_nohost.a(fstat.o)
 .debug_info    0x000122d4      0x964 d:/nxp/mcuxpressoide_11.1.1_3241/ide/plugins/com.nxp.mcuxpresso.tools.win32_11.1.0.202001081728/tools/bin/../lib/gcc/arm-none-eabi/8.3.1/../../../../arm-none-eabi/lib/thumb/v7e-m+fp/hard\libcr_newlib_nohost.a(getpid.o)
 .debug_info    0x00012c38      0x979 d:/nxp/mcuxpressoide_11.1.1_3241/ide/plugins/com.nxp.mcuxpresso.tools.win32_11.1.0.202001081728/tools/bin/../lib/gcc/arm-none-eabi/8.3.1/../../../../arm-none-eabi/lib/thumb/v7e-m+fp/hard\libcr_newlib_nohost.a(isatty.o)
 .debug_info    0x000135b1      0x987 d:/nxp/mcuxpressoide_11.1.1_3241/ide/plugins/com.nxp.mcuxpresso.tools.win32_11.1.0.202001081728/tools/bin/../lib/gcc/arm-none-eabi/8.3.1/../../../../arm-none-eabi/lib/thumb/v7e-m+fp/hard\libcr_newlib_nohost.a(kill.o)
 .debug_info    0x00013f38      0x99b d:/nxp/mcuxpressoide_11.1.1_3241/ide/plugins/com.nxp.mcuxpresso.tools.win32_11.1.0.202001081728/tools/bin/../lib/gcc/arm-none-eabi/8.3.1/../../../../arm-none-eabi/lib/thumb/v7e-m+fp/hard\libcr_newlib_nohost.a(lseek.o)
 .debug_info    0x000148d3       0x71 d:/nxp/mcuxpressoide_11.1.1_3241/ide/plugins/com.nxp.mcuxpresso.tools.win32_11.1.0.202001081728/tools/bin/../lib/gcc/arm-none-eabi/8.3.1/../../../../arm-none-eabi/lib/thumb/v7e-m+fp/hard\libcr_newlib_nohost.a(_cr_check_heap.o)

.debug_abbrev   0x00000000     0x3a18
 .debug_abbrev  0x00000000      0x17a ./startup/startup_mk22f51212.o
 .debug_abbrev  0x0000017a      0x2ac ./startup/system.o
 .debug_abbrev  0x00000426      0x198 ./source/utils/ftm0.o
 .debug_abbrev  0x000005be      0x198 ./source/utils/ftm3.o
 .debug_abbrev  0x00000756       0x7a ./source/utils/map.o
 .debug_abbrev  0x000007d0      0x332 ./source/utils/util.o
 .debug_abbrev  0x00000b02      0x2a7 ./source/sound/sound.o
 .debug_abbrev  0x00000da9      0x269 ./source/servo/servo.o
 .debug_abbrev  0x00001012      0x346 ./source/drive/quad.o
 .debug_abbrev  0x00001358      0x26d ./source/com/term.o
 .debug_abbrev  0x000015c5      0x2d5 ./source/com/uart0.o
 .debug_abbrev  0x0000189a      0x2d5 ./source/com/uart1.o
 .debug_abbrev  0x00001b6f      0x118 ./source/main.o
 .debug_abbrev  0x00001c87      0x440 ./drivers/fsl_clock.o
 .debug_abbrev  0x000020c7      0x41d ./drivers/fsl_smc.o
 .debug_abbrev  0x000024e4      0x15b ./device/system_MK22F51212.o
 .debug_abbrev  0x0000263f      0x2ce ./board/clock_config.o
 .debug_abbrev  0x0000290d       0x4b ./board/peripherals.o
 .debug_abbrev  0x00002958      0x1f3 ./board/pin_mux.o
 .debug_abbrev  0x00002b4b      0x24a d:/nxp/mcuxpressoide_11.1.1_3241/ide/plugins/com.nxp.mcuxpresso.tools.win32_11.1.0.202001081728/tools/bin/../lib/gcc/arm-none-eabi/8.3.1/../../../../arm-none-eabi/lib/thumb/v7e-m+fp/hard\libcr_newlib_nohost.a(_cr_sbrk.o)
 .debug_abbrev  0x00002d95       0x67 d:/nxp/mcuxpressoide_11.1.1_3241/ide/plugins/com.nxp.mcuxpresso.tools.win32_11.1.0.202001081728/tools/bin/../lib/gcc/arm-none-eabi/8.3.1/../../../../arm-none-eabi/lib/thumb/v7e-m+fp/hard\libcr_newlib_nohost.a(_exit.o)
 .debug_abbrev  0x00002dfc      0x1ea d:/nxp/mcuxpressoide_11.1.1_3241/ide/plugins/com.nxp.mcuxpresso.tools.win32_11.1.0.202001081728/tools/bin/../lib/gcc/arm-none-eabi/8.3.1/../../../../arm-none-eabi/lib/thumb/v7e-m+fp/hard\libcr_newlib_nohost.a(close.o)
 .debug_abbrev  0x00002fe6      0x1fd d:/nxp/mcuxpressoide_11.1.1_3241/ide/plugins/com.nxp.mcuxpresso.tools.win32_11.1.0.202001081728/tools/bin/../lib/gcc/arm-none-eabi/8.3.1/../../../../arm-none-eabi/lib/thumb/v7e-m+fp/hard\libcr_newlib_nohost.a(fstat.o)
 .debug_abbrev  0x000031e3      0x1d6 d:/nxp/mcuxpressoide_11.1.1_3241/ide/plugins/com.nxp.mcuxpresso.tools.win32_11.1.0.202001081728/tools/bin/../lib/gcc/arm-none-eabi/8.3.1/../../../../arm-none-eabi/lib/thumb/v7e-m+fp/hard\libcr_newlib_nohost.a(getpid.o)
 .debug_abbrev  0x000033b9      0x1ea d:/nxp/mcuxpressoide_11.1.1_3241/ide/plugins/com.nxp.mcuxpresso.tools.win32_11.1.0.202001081728/tools/bin/../lib/gcc/arm-none-eabi/8.3.1/../../../../arm-none-eabi/lib/thumb/v7e-m+fp/hard\libcr_newlib_nohost.a(isatty.o)
 .debug_abbrev  0x000035a3      0x1fb d:/nxp/mcuxpressoide_11.1.1_3241/ide/plugins/com.nxp.mcuxpresso.tools.win32_11.1.0.202001081728/tools/bin/../lib/gcc/arm-none-eabi/8.3.1/../../../../arm-none-eabi/lib/thumb/v7e-m+fp/hard\libcr_newlib_nohost.a(kill.o)
 .debug_abbrev  0x0000379e      0x20f d:/nxp/mcuxpressoide_11.1.1_3241/ide/plugins/com.nxp.mcuxpresso.tools.win32_11.1.0.202001081728/tools/bin/../lib/gcc/arm-none-eabi/8.3.1/../../../../arm-none-eabi/lib/thumb/v7e-m+fp/hard\libcr_newlib_nohost.a(lseek.o)
 .debug_abbrev  0x000039ad       0x6b d:/nxp/mcuxpressoide_11.1.1_3241/ide/plugins/com.nxp.mcuxpresso.tools.win32_11.1.0.202001081728/tools/bin/../lib/gcc/arm-none-eabi/8.3.1/../../../../arm-none-eabi/lib/thumb/v7e-m+fp/hard\libcr_newlib_nohost.a(_cr_check_heap.o)

.debug_aranges  0x00000000      0xb40
 .debug_aranges
                0x00000000      0x2d0 ./startup/startup_mk22f51212.o
 .debug_aranges
                0x000002d0       0x40 ./startup/system.o
 .debug_aranges
                0x00000310       0x40 ./source/utils/ftm0.o
 .debug_aranges
                0x00000350       0x40 ./source/utils/ftm3.o
 .debug_aranges
                0x00000390       0x20 ./source/utils/map.o
 .debug_aranges
                0x000003b0       0x80 ./source/utils/util.o
 .debug_aranges
                0x00000430       0x40 ./source/sound/sound.o
 .debug_aranges
                0x00000470       0x28 ./source/servo/servo.o
 .debug_aranges
                0x00000498       0x68 ./source/drive/quad.o
 .debug_aranges
                0x00000500       0x68 ./source/com/term.o
 .debug_aranges
                0x00000568       0x88 ./source/com/uart0.o
 .debug_aranges
                0x000005f0       0x98 ./source/com/uart1.o
 .debug_aranges
                0x00000688       0x28 ./source/main.o
 .debug_aranges
                0x000006b0      0x208 ./drivers/fsl_clock.o
 .debug_aranges
                0x000008b8       0x98 ./drivers/fsl_smc.o
 .debug_aranges
                0x00000950       0x30 ./device/system_MK22F51212.o
 .debug_aranges
                0x00000980       0x50 ./board/clock_config.o
 .debug_aranges
                0x000009d0       0x28 ./board/peripherals.o
 .debug_aranges
                0x000009f8       0x28 ./board/pin_mux.o
 .debug_aranges
                0x00000a20       0x20 d:/nxp/mcuxpressoide_11.1.1_3241/ide/plugins/com.nxp.mcuxpresso.tools.win32_11.1.0.202001081728/tools/bin/../lib/gcc/arm-none-eabi/8.3.1/../../../../arm-none-eabi/lib/thumb/v7e-m+fp/hard\libcr_newlib_nohost.a(_cr_sbrk.o)
 .debug_aranges
                0x00000a40       0x20 d:/nxp/mcuxpressoide_11.1.1_3241/ide/plugins/com.nxp.mcuxpresso.tools.win32_11.1.0.202001081728/tools/bin/../lib/gcc/arm-none-eabi/8.3.1/../../../../arm-none-eabi/lib/thumb/v7e-m+fp/hard\libcr_newlib_nohost.a(_exit.o)
 .debug_aranges
                0x00000a60       0x20 d:/nxp/mcuxpressoide_11.1.1_3241/ide/plugins/com.nxp.mcuxpresso.tools.win32_11.1.0.202001081728/tools/bin/../lib/gcc/arm-none-eabi/8.3.1/../../../../arm-none-eabi/lib/thumb/v7e-m+fp/hard\libcr_newlib_nohost.a(close.o)
 .debug_aranges
                0x00000a80       0x20 d:/nxp/mcuxpressoide_11.1.1_3241/ide/plugins/com.nxp.mcuxpresso.tools.win32_11.1.0.202001081728/tools/bin/../lib/gcc/arm-none-eabi/8.3.1/../../../../arm-none-eabi/lib/thumb/v7e-m+fp/hard\libcr_newlib_nohost.a(fstat.o)
 .debug_aranges
                0x00000aa0       0x20 d:/nxp/mcuxpressoide_11.1.1_3241/ide/plugins/com.nxp.mcuxpresso.tools.win32_11.1.0.202001081728/tools/bin/../lib/gcc/arm-none-eabi/8.3.1/../../../../arm-none-eabi/lib/thumb/v7e-m+fp/hard\libcr_newlib_nohost.a(getpid.o)
 .debug_aranges
                0x00000ac0       0x20 d:/nxp/mcuxpressoide_11.1.1_3241/ide/plugins/com.nxp.mcuxpresso.tools.win32_11.1.0.202001081728/tools/bin/../lib/gcc/arm-none-eabi/8.3.1/../../../../arm-none-eabi/lib/thumb/v7e-m+fp/hard\libcr_newlib_nohost.a(isatty.o)
 .debug_aranges
                0x00000ae0       0x20 d:/nxp/mcuxpressoide_11.1.1_3241/ide/plugins/com.nxp.mcuxpresso.tools.win32_11.1.0.202001081728/tools/bin/../lib/gcc/arm-none-eabi/8.3.1/../../../../arm-none-eabi/lib/thumb/v7e-m+fp/hard\libcr_newlib_nohost.a(kill.o)
 .debug_aranges
                0x00000b00       0x20 d:/nxp/mcuxpressoide_11.1.1_3241/ide/plugins/com.nxp.mcuxpresso.tools.win32_11.1.0.202001081728/tools/bin/../lib/gcc/arm-none-eabi/8.3.1/../../../../arm-none-eabi/lib/thumb/v7e-m+fp/hard\libcr_newlib_nohost.a(lseek.o)
 .debug_aranges
                0x00000b20       0x20 d:/nxp/mcuxpressoide_11.1.1_3241/ide/plugins/com.nxp.mcuxpresso.tools.win32_11.1.0.202001081728/tools/bin/../lib/gcc/arm-none-eabi/8.3.1/../../../../arm-none-eabi/lib/thumb/v7e-m+fp/hard\libcr_newlib_nohost.a(_cr_check_heap.o)

.debug_ranges   0x00000000      0x980
 .debug_ranges  0x00000000      0x2c0 ./startup/startup_mk22f51212.o
 .debug_ranges  0x000002c0       0x30 ./startup/system.o
 .debug_ranges  0x000002f0       0x30 ./source/utils/ftm0.o
 .debug_ranges  0x00000320       0x30 ./source/utils/ftm3.o
 .debug_ranges  0x00000350       0x10 ./source/utils/map.o
 .debug_ranges  0x00000360       0x70 ./source/utils/util.o
 .debug_ranges  0x000003d0       0x30 ./source/sound/sound.o
 .debug_ranges  0x00000400       0x18 ./source/servo/servo.o
 .debug_ranges  0x00000418       0x58 ./source/drive/quad.o
 .debug_ranges  0x00000470       0x58 ./source/com/term.o
 .debug_ranges  0x000004c8       0x78 ./source/com/uart0.o
 .debug_ranges  0x00000540       0x88 ./source/com/uart1.o
 .debug_ranges  0x000005c8       0x18 ./source/main.o
 .debug_ranges  0x000005e0      0x1f8 ./drivers/fsl_clock.o
 .debug_ranges  0x000007d8       0x88 ./drivers/fsl_smc.o
 .debug_ranges  0x00000860       0x20 ./device/system_MK22F51212.o
 .debug_ranges  0x00000880       0x40 ./board/clock_config.o
 .debug_ranges  0x000008c0       0x18 ./board/peripherals.o
 .debug_ranges  0x000008d8       0x18 ./board/pin_mux.o
 .debug_ranges  0x000008f0       0x10 d:/nxp/mcuxpressoide_11.1.1_3241/ide/plugins/com.nxp.mcuxpresso.tools.win32_11.1.0.202001081728/tools/bin/../lib/gcc/arm-none-eabi/8.3.1/../../../../arm-none-eabi/lib/thumb/v7e-m+fp/hard\libcr_newlib_nohost.a(_cr_sbrk.o)
 .debug_ranges  0x00000900       0x10 d:/nxp/mcuxpressoide_11.1.1_3241/ide/plugins/com.nxp.mcuxpresso.tools.win32_11.1.0.202001081728/tools/bin/../lib/gcc/arm-none-eabi/8.3.1/../../../../arm-none-eabi/lib/thumb/v7e-m+fp/hard\libcr_newlib_nohost.a(_exit.o)
 .debug_ranges  0x00000910       0x10 d:/nxp/mcuxpressoide_11.1.1_3241/ide/plugins/com.nxp.mcuxpresso.tools.win32_11.1.0.202001081728/tools/bin/../lib/gcc/arm-none-eabi/8.3.1/../../../../arm-none-eabi/lib/thumb/v7e-m+fp/hard\libcr_newlib_nohost.a(close.o)
 .debug_ranges  0x00000920       0x10 d:/nxp/mcuxpressoide_11.1.1_3241/ide/plugins/com.nxp.mcuxpresso.tools.win32_11.1.0.202001081728/tools/bin/../lib/gcc/arm-none-eabi/8.3.1/../../../../arm-none-eabi/lib/thumb/v7e-m+fp/hard\libcr_newlib_nohost.a(fstat.o)
 .debug_ranges  0x00000930       0x10 d:/nxp/mcuxpressoide_11.1.1_3241/ide/plugins/com.nxp.mcuxpresso.tools.win32_11.1.0.202001081728/tools/bin/../lib/gcc/arm-none-eabi/8.3.1/../../../../arm-none-eabi/lib/thumb/v7e-m+fp/hard\libcr_newlib_nohost.a(getpid.o)
 .debug_ranges  0x00000940       0x10 d:/nxp/mcuxpressoide_11.1.1_3241/ide/plugins/com.nxp.mcuxpresso.tools.win32_11.1.0.202001081728/tools/bin/../lib/gcc/arm-none-eabi/8.3.1/../../../../arm-none-eabi/lib/thumb/v7e-m+fp/hard\libcr_newlib_nohost.a(isatty.o)
 .debug_ranges  0x00000950       0x10 d:/nxp/mcuxpressoide_11.1.1_3241/ide/plugins/com.nxp.mcuxpresso.tools.win32_11.1.0.202001081728/tools/bin/../lib/gcc/arm-none-eabi/8.3.1/../../../../arm-none-eabi/lib/thumb/v7e-m+fp/hard\libcr_newlib_nohost.a(kill.o)
 .debug_ranges  0x00000960       0x10 d:/nxp/mcuxpressoide_11.1.1_3241/ide/plugins/com.nxp.mcuxpresso.tools.win32_11.1.0.202001081728/tools/bin/../lib/gcc/arm-none-eabi/8.3.1/../../../../arm-none-eabi/lib/thumb/v7e-m+fp/hard\libcr_newlib_nohost.a(lseek.o)
 .debug_ranges  0x00000970       0x10 d:/nxp/mcuxpressoide_11.1.1_3241/ide/plugins/com.nxp.mcuxpresso.tools.win32_11.1.0.202001081728/tools/bin/../lib/gcc/arm-none-eabi/8.3.1/../../../../arm-none-eabi/lib/thumb/v7e-m+fp/hard\libcr_newlib_nohost.a(_cr_check_heap.o)

.debug_macro    0x00000000     0xe951
 .debug_macro   0x00000000       0x29 ./startup/startup_mk22f51212.o
 .debug_macro   0x00000029      0xad2 ./startup/startup_mk22f51212.o
 .debug_macro   0x00000afb      0x209 ./startup/system.o
 .debug_macro   0x00000d04       0x57 ./startup/system.o
 .debug_macro   0x00000d5b      0x34e ./startup/system.o
 .debug_macro   0x000010a9       0x1c ./startup/system.o
 .debug_macro   0x000010c5       0x22 ./startup/system.o
 .debug_macro   0x000010e7       0xd8 ./startup/system.o
 .debug_macro   0x000011bf      0xeeb ./startup/system.o
 .debug_macro   0x000020aa       0x40 ./startup/system.o
 .debug_macro   0x000020ea     0x8fa0 ./startup/system.o
 .debug_macro   0x0000b08a       0x10 ./startup/system.o
 .debug_macro   0x0000b09a       0x22 ./startup/system.o
 .debug_macro   0x0000b0bc       0x58 ./startup/system.o
 .debug_macro   0x0000b114       0x18 ./startup/system.o
 .debug_macro   0x0000b12c       0x94 ./startup/system.o
 .debug_macro   0x0000b1c0       0x35 ./startup/system.o
 .debug_macro   0x0000b1f5       0x34 ./startup/system.o
 .debug_macro   0x0000b229       0x1c ./startup/system.o
 .debug_macro   0x0000b245       0x22 ./startup/system.o
 .debug_macro   0x0000b267      0x174 ./startup/system.o
 .debug_macro   0x0000b3db       0x16 ./startup/system.o
 .debug_macro   0x0000b3f1       0x43 ./startup/system.o
 .debug_macro   0x0000b434       0x57 ./startup/system.o
 .debug_macro   0x0000b48b       0x34 ./startup/system.o
 .debug_macro   0x0000b4bf       0x10 ./startup/system.o
 .debug_macro   0x0000b4cf       0x58 ./startup/system.o
 .debug_macro   0x0000b527      0x182 ./startup/system.o
 .debug_macro   0x0000b6a9      0x333 ./startup/system.o
 .debug_macro   0x0000b9dc       0x10 ./startup/system.o
 .debug_macro   0x0000b9ec       0x35 ./startup/system.o
 .debug_macro   0x0000ba21       0x16 ./startup/system.o
 .debug_macro   0x0000ba37       0x16 ./startup/system.o
 .debug_macro   0x0000ba4d       0x29 ./startup/system.o
 .debug_macro   0x0000ba76       0x10 ./startup/system.o
 .debug_macro   0x0000ba86     0x127f ./startup/system.o
 .debug_macro   0x0000cd05       0xd0 ./startup/system.o
 .debug_macro   0x0000cdd5      0x13c ./startup/system.o
 .debug_macro   0x0000cf11       0x10 ./startup/system.o
 .debug_macro   0x0000cf21       0x9b ./source/utils/ftm0.o
 .debug_macro   0x0000cfbc       0x16 ./source/utils/ftm0.o
 .debug_macro   0x0000cfd2       0x9b ./source/utils/ftm3.o
 .debug_macro   0x0000d06d       0x1c ./source/utils/ftm3.o
 .debug_macro   0x0000d089       0x2e ./source/utils/map.o
 .debug_macro   0x0000d0b7      0x177 ./source/utils/util.o
 .debug_macro   0x0000d22e      0x10e ./source/utils/util.o
 .debug_macro   0x0000d33c       0x8d ./source/utils/util.o
 .debug_macro   0x0000d3c9      0x339 ./source/utils/util.o
 .debug_macro   0x0000d702       0xd2 ./source/utils/util.o
 .debug_macro   0x0000d7d4      0x191 ./source/sound/sound.o
 .debug_macro   0x0000d965      0x19a ./source/servo/servo.o
 .debug_macro   0x0000daff       0x2e ./source/servo/servo.o
 .debug_macro   0x0000db2d      0x1d6 ./source/drive/quad.o
 .debug_macro   0x0000dd03      0x187 ./source/com/term.o
 .debug_macro   0x0000de8a       0x9b ./source/com/uart0.o
 .debug_macro   0x0000df25       0x8f ./source/com/uart1.o
 .debug_macro   0x0000dfb4       0xab ./source/main.o
 .debug_macro   0x0000e05f      0x295 ./drivers/fsl_clock.o
 .debug_macro   0x0000e2f4      0x1df ./drivers/fsl_smc.o
 .debug_macro   0x0000e4d3       0x80 ./device/system_MK22F51212.o
 .debug_macro   0x0000e553      0x210 ./board/clock_config.o
 .debug_macro   0x0000e763       0x1b ./board/peripherals.o
 .debug_macro   0x0000e77e      0x1d3 ./board/pin_mux.o

.debug_line     0x00000000     0x87aa
 .debug_line    0x00000000      0x7f8 ./startup/startup_mk22f51212.o
 .debug_line    0x000007f8      0x6af ./startup/system.o
 .debug_line    0x00000ea7      0x3a1 ./source/utils/ftm0.o
 .debug_line    0x00001248      0x3a1 ./source/utils/ftm3.o
 .debug_line    0x000015e9      0x114 ./source/utils/map.o
 .debug_line    0x000016fd      0x9eb ./source/utils/util.o
 .debug_line    0x000020e8      0x650 ./source/sound/sound.o
 .debug_line    0x00002738      0x5ec ./source/servo/servo.o
 .debug_line    0x00002d24      0x999 ./source/drive/quad.o
 .debug_line    0x000036bd      0x715 ./source/com/term.o
 .debug_line    0x00003dd2      0x595 ./source/com/uart0.o
 .debug_line    0x00004367      0x5f1 ./source/com/uart1.o
 .debug_line    0x00004958      0x315 ./source/main.o
 .debug_line    0x00004c6d     0x16d8 ./drivers/fsl_clock.o
 .debug_line    0x00006345      0x7dd ./drivers/fsl_smc.o
 .debug_line    0x00006b22      0x364 ./device/system_MK22F51212.o
 .debug_line    0x00006e86      0x602 ./board/clock_config.o
 .debug_line    0x00007488       0x71 ./board/peripherals.o
 .debug_line    0x000074f9      0x534 ./board/pin_mux.o
 .debug_line    0x00007a2d      0x1e8 d:/nxp/mcuxpressoide_11.1.1_3241/ide/plugins/com.nxp.mcuxpresso.tools.win32_11.1.0.202001081728/tools/bin/../lib/gcc/arm-none-eabi/8.3.1/../../../../arm-none-eabi/lib/thumb/v7e-m+fp/hard\libcr_newlib_nohost.a(_cr_sbrk.o)
 .debug_line    0x00007c15       0x4e d:/nxp/mcuxpressoide_11.1.1_3241/ide/plugins/com.nxp.mcuxpresso.tools.win32_11.1.0.202001081728/tools/bin/../lib/gcc/arm-none-eabi/8.3.1/../../../../arm-none-eabi/lib/thumb/v7e-m+fp/hard\libcr_newlib_nohost.a(_exit.o)
 .debug_line    0x00007c63      0x19a d:/nxp/mcuxpressoide_11.1.1_3241/ide/plugins/com.nxp.mcuxpresso.tools.win32_11.1.0.202001081728/tools/bin/../lib/gcc/arm-none-eabi/8.3.1/../../../../arm-none-eabi/lib/thumb/v7e-m+fp/hard\libcr_newlib_nohost.a(close.o)
 .debug_line    0x00007dfd      0x2e3 d:/nxp/mcuxpressoide_11.1.1_3241/ide/plugins/com.nxp.mcuxpresso.tools.win32_11.1.0.202001081728/tools/bin/../lib/gcc/arm-none-eabi/8.3.1/../../../../arm-none-eabi/lib/thumb/v7e-m+fp/hard\libcr_newlib_nohost.a(fstat.o)
 .debug_line    0x000080e0      0x19a d:/nxp/mcuxpressoide_11.1.1_3241/ide/plugins/com.nxp.mcuxpresso.tools.win32_11.1.0.202001081728/tools/bin/../lib/gcc/arm-none-eabi/8.3.1/../../../../arm-none-eabi/lib/thumb/v7e-m+fp/hard\libcr_newlib_nohost.a(getpid.o)
 .debug_line    0x0000827a      0x19b d:/nxp/mcuxpressoide_11.1.1_3241/ide/plugins/com.nxp.mcuxpresso.tools.win32_11.1.0.202001081728/tools/bin/../lib/gcc/arm-none-eabi/8.3.1/../../../../arm-none-eabi/lib/thumb/v7e-m+fp/hard\libcr_newlib_nohost.a(isatty.o)
 .debug_line    0x00008415      0x199 d:/nxp/mcuxpressoide_11.1.1_3241/ide/plugins/com.nxp.mcuxpresso.tools.win32_11.1.0.202001081728/tools/bin/../lib/gcc/arm-none-eabi/8.3.1/../../../../arm-none-eabi/lib/thumb/v7e-m+fp/hard\libcr_newlib_nohost.a(kill.o)
 .debug_line    0x000085ae      0x19b d:/nxp/mcuxpressoide_11.1.1_3241/ide/plugins/com.nxp.mcuxpresso.tools.win32_11.1.0.202001081728/tools/bin/../lib/gcc/arm-none-eabi/8.3.1/../../../../arm-none-eabi/lib/thumb/v7e-m+fp/hard\libcr_newlib_nohost.a(lseek.o)
 .debug_line    0x00008749       0x61 d:/nxp/mcuxpressoide_11.1.1_3241/ide/plugins/com.nxp.mcuxpresso.tools.win32_11.1.0.202001081728/tools/bin/../lib/gcc/arm-none-eabi/8.3.1/../../../../arm-none-eabi/lib/thumb/v7e-m+fp/hard\libcr_newlib_nohost.a(_cr_check_heap.o)

.debug_str      0x00000000    0x5a236
 .debug_str     0x00000000     0x35b5 ./startup/startup_mk22f51212.o
                               0x360d (size before relaxing)
 .debug_str     0x000035b5    0x525dd ./startup/system.o
                              0x556f1 (size before relaxing)
 .debug_str     0x00055b92      0xb4e ./source/utils/ftm0.o
                              0x4ae67 (size before relaxing)
 .debug_str     0x000566e0       0xb9 ./source/utils/ftm3.o
                              0x4aeb7 (size before relaxing)
 .debug_str     0x00056799       0x67 ./source/utils/map.o
                               0x39a4 (size before relaxing)
 .debug_str     0x00056800      0x183 ./source/utils/util.o
                              0x4dae6 (size before relaxing)
 .debug_str     0x00056983      0x157 ./source/sound/sound.o
                              0x4db52 (size before relaxing)
 .debug_str     0x00056ada       0xc8 ./source/servo/servo.o
                              0x4db3e (size before relaxing)
 .debug_str     0x00056ba2      0x389 ./source/drive/quad.o
                              0x4e469 (size before relaxing)
 .debug_str     0x00056f2b      0x1e4 ./source/com/term.o
                              0x4dc64 (size before relaxing)
 .debug_str     0x0005710f      0x253 ./source/com/uart0.o
                              0x4b113 (size before relaxing)
 .debug_str     0x00057362       0x8a ./source/com/uart1.o
                              0x4b0ac (size before relaxing)
 .debug_str     0x000573ec       0x2a ./source/main.o
                              0x4a8f3 (size before relaxing)
 .debug_str     0x00057416     0x221f ./drivers/fsl_clock.o
                              0x57733 (size before relaxing)
 .debug_str     0x00059635      0x476 ./drivers/fsl_smc.o
                              0x55e27 (size before relaxing)
 .debug_str     0x00059aab       0xb7 ./device/system_MK22F51212.o
                              0x5110c (size before relaxing)
 .debug_str     0x00059b62      0x28c ./board/clock_config.o
                              0x56066 (size before relaxing)
 .debug_str     0x00059dee       0x47 ./board/peripherals.o
                               0x2ed0 (size before relaxing)
 .debug_str     0x00059e35       0x35 ./board/pin_mux.o
                              0x55108 (size before relaxing)