fsl_clock.h:627:20:CLOCK_EnableClock	24	static
fsl_clock.h:638:20:CLOCK_DisableClock	24	static
fsl_clock.h:659:20:CLOCK_SetEr32kClock	16	static
fsl_clock.h:679:20:CLOCK_SetPllFllSelClock	16	static
fsl_clock.h:1128:20:OSC_SetExtRefClkConfig	24	static
fsl_clock.h:1156:20:OSC_SetCapLoad	24	static
fsl_clock.c:190:13:CLOCK_FllStableDelay	16	static
fsl_clock.c:210:17:CLOCK_GetMcgExtClkFreq	16	static
fsl_clock.c:237:17:CLOCK_GetFllExtRefClkFreq	16	static
fsl_clock.c:291:17:CLOCK_GetInternalRefClkSelectFreq	4	static
fsl_clock.c:305:17:CLOCK_GetFllRefClkFreq	8	static
fsl_clock.c:319:17:CLOCK_GetPll0RefFreq	8	static
fsl_clock.c:325:16:CLOCK_GetOscRangeFromFreq	24	static
fsl_clock.c:350:10:CLOCK_GetOsc0ErClkUndivFreq	8	static
fsl_clock.c:369:10:CLOCK_GetOsc0ErClkDivFreq	16	static
fsl_clock.c:391:10:CLOCK_GetEr32kClkFreq	16	static
fsl_clock.c:420:10:CLOCK_GetPllFllSelClkFreq	16	static
fsl_clock.c:448:10:CLOCK_GetOsc0ErClkFreq	8	static
fsl_clock.c:458:10:CLOCK_GetPlatClkFreq	8	static
fsl_clock.c:468:10:CLOCK_GetFlashClkFreq	8	static
fsl_clock.c:478:10:CLOCK_GetFlexBusClkFreq	8	static
fsl_clock.c:488:10:CLOCK_GetBusClkFreq	8	static
fsl_clock.c:498:10:CLOCK_GetCoreSysClkFreq	8	static
fsl_clock.c:513:10:CLOCK_GetFreq	24	static
fsl_clock.c:577:6:CLOCK_SetSimConfig	16	static
fsl_clock.c:591:6:CLOCK_EnableUsbfs0Clock	24	static
fsl_clock.c:643:10:CLOCK_GetOutClkFreq	16	static
fsl_clock.c:678:10:CLOCK_GetFllFreq	16	static
fsl_clock.c:712:10:CLOCK_GetInternalRefClkFreq	8	static
fsl_clock.c:731:10:CLOCK_GetFixedFreqClkFreq	16	static
fsl_clock.c:754:10:CLOCK_GetPll0Freq	16	static
fsl_clock.c:790:10:CLOCK_SetExternalRefClkConfig	24	static
fsl_clock.c:843:10:CLOCK_SetInternalRefClkConfig	24	static
fsl_clock.c:908:10:CLOCK_CalcPllDiv	48	static
fsl_clock.c:1016:6:CLOCK_EnablePll0	24	static
fsl_clock.c:1043:6:CLOCK_SetOsc0MonitorMode	16	static
fsl_clock.c:1073:6:CLOCK_SetRtcOscMonitorMode	24	static
fsl_clock.c:1097:6:CLOCK_SetPll0MonitorMode	24	static
fsl_clock.c:1153:10:CLOCK_GetStatusFlags	16	static
fsl_clock.c:1197:6:CLOCK_ClearStatusFlags	24	static
fsl_clock.c:1223:6:CLOCK_InitOsc0	24	static
fsl_clock.c:1246:6:CLOCK_DeinitOsc0	4	static
fsl_clock.c:1257:6:CLOCK_SetSlowIrcFreq	16	static
fsl_clock.c:1267:6:CLOCK_SetFastIrcFreq	16	static
fsl_clock.c:1290:10:CLOCK_TrimInternalRefClk	40	static
fsl_clock.c:1373:12:CLOCK_GetMode	32	static
fsl_clock.c:1491:10:CLOCK_SetFeiMode	24	static
fsl_clock.c:1567:10:CLOCK_SetFeeMode	24	static
fsl_clock.c:1662:10:CLOCK_SetFbiMode	24	static
fsl_clock.c:1742:10:CLOCK_SetFbeMode	24	static
fsl_clock.c:1835:10:CLOCK_SetBlpiMode	4	static
fsl_clock.c:1859:10:CLOCK_SetBlpeMode	4	static
fsl_clock.c:1893:10:CLOCK_SetPbeMode	16	static
fsl_clock.c:1946:10:CLOCK_SetPeeMode	4	static
fsl_clock.c:1983:10:CLOCK_ExternalModeToFbeModeQuick	4	static
fsl_clock.c:2025:10:CLOCK_InternalModeToFbiModeQuick	4	static
fsl_clock.c:2060:10:CLOCK_BootToFeiMode	16	static
fsl_clock.c:2080:10:CLOCK_BootToFeeMode	24	static
fsl_clock.c:2101:10:CLOCK_BootToBlpiMode	16	static
fsl_clock.c:2129:10:CLOCK_BootToBlpeMode	16	static
fsl_clock.c:2174:10:CLOCK_BootToPeeMode	16	static
fsl_clock.c:2234:10:CLOCK_SetMcgConfig	32	static
