SEGGER_SYSVIEW.c:348:12:_EncodeData	32	static
SEGGER_SYSVIEW.c:382:12:_EncodeStr	32	static
SEGGER_SYSVIEW.c:434:12:_PreparePacket	16	static
SEGGER_SYSVIEW.c:451:13:_HandleIncomingPacket	16	static
SEGGER_SYSVIEW.c:516:12:_TrySendOverflowPacket	56	static
SEGGER_SYSVIEW.c:621:13:_SendPacket	48	static
SEGGER_SYSVIEW.c:762:12:_VPrintHost	144	static
SEGGER_SYSVIEW.c:843:13:_StoreChar	48	static
SEGGER_SYSVIEW.c:885:13:_PrintUnsigned	48	static
SEGGER_SYSVIEW.c:976:13:_PrintInt	40	static
SEGGER_SYSVIEW.c:1049:13:_VPrintTarget	104	static
SEGGER_SYSVIEW.c:1225:6:SEGGER_SYSVIEW_Init	32	static
SEGGER_SYSVIEW.c:1279:6:SEGGER_SYSVIEW_SetRAMBase	16	static
SEGGER_SYSVIEW.c:1293:6:SEGGER_SYSVIEW_RecordVoid	24	static
SEGGER_SYSVIEW.c:1313:6:SEGGER_SYSVIEW_RecordU32	40	static
SEGGER_SYSVIEW.c:1336:6:SEGGER_SYSVIEW_RecordU32x2	56	static
SEGGER_SYSVIEW.c:1361:6:SEGGER_SYSVIEW_RecordU32x3	64	static
SEGGER_SYSVIEW.c:1388:6:SEGGER_SYSVIEW_RecordU32x4	72	static
SEGGER_SYSVIEW.c:1417:6:SEGGER_SYSVIEW_RecordU32x5	80	static
SEGGER_SYSVIEW.c:1448:6:SEGGER_SYSVIEW_RecordU32x6	88	static
SEGGER_SYSVIEW.c:1481:6:SEGGER_SYSVIEW_RecordU32x7	96	static
SEGGER_SYSVIEW.c:1516:6:SEGGER_SYSVIEW_RecordU32x8	104	static
SEGGER_SYSVIEW.c:1553:6:SEGGER_SYSVIEW_RecordU32x9	112	static
SEGGER_SYSVIEW.c:1592:6:SEGGER_SYSVIEW_RecordU32x10	120	static
SEGGER_SYSVIEW.c:1627:6:SEGGER_SYSVIEW_RecordString	32	static
SEGGER_SYSVIEW.c:1663:6:SEGGER_SYSVIEW_Start	56	static
SEGGER_SYSVIEW.c:1718:6:SEGGER_SYSVIEW_Stop	16	static
SEGGER_SYSVIEW.c:1736:5:SEGGER_SYSVIEW_GetChannelID	4	static
SEGGER_SYSVIEW.c:1748:6:SEGGER_SYSVIEW_GetSysDesc	56	static
SEGGER_SYSVIEW.c:1776:6:SEGGER_SYSVIEW_SendTaskInfo	80	static
SEGGER_SYSVIEW.c:1803:6:SEGGER_SYSVIEW_SendTaskList	8	static
SEGGER_SYSVIEW.c:1833:6:SEGGER_SYSVIEW_SendSysDesc	32	static
SEGGER_SYSVIEW.c:1851:6:SEGGER_SYSVIEW_RecordSystime	24	static
SEGGER_SYSVIEW.c:1875:6:SEGGER_SYSVIEW_RecordEnterISR	32	static
SEGGER_SYSVIEW.c:1902:6:SEGGER_SYSVIEW_RecordExitISR	16	static
SEGGER_SYSVIEW.c:1924:6:SEGGER_SYSVIEW_RecordExitISRToScheduler	16	static
SEGGER_SYSVIEW.c:1942:6:SEGGER_SYSVIEW_RecordEnterTimer	40	static
SEGGER_SYSVIEW.c:1960:6:SEGGER_SYSVIEW_RecordExitTimer	16	static
SEGGER_SYSVIEW.c:1978:6:SEGGER_SYSVIEW_RecordEndCall	40	static
SEGGER_SYSVIEW.c:2000:6:SEGGER_SYSVIEW_RecordEndCallU32	48	static
SEGGER_SYSVIEW.c:2019:6:SEGGER_SYSVIEW_OnIdle	16	static
SEGGER_SYSVIEW.c:2038:6:SEGGER_SYSVIEW_OnTaskCreate	40	static
SEGGER_SYSVIEW.c:2063:6:SEGGER_SYSVIEW_OnTaskTerminate	40	static
SEGGER_SYSVIEW.c:2087:6:SEGGER_SYSVIEW_OnTaskStartExec	40	static
SEGGER_SYSVIEW.c:2107:6:SEGGER_SYSVIEW_OnTaskStopExec	16	static
SEGGER_SYSVIEW.c:2125:6:SEGGER_SYSVIEW_OnTaskStartReady	40	static
SEGGER_SYSVIEW.c:2148:6:SEGGER_SYSVIEW_OnTaskStopReady	48	static
SEGGER_SYSVIEW.c:2171:6:SEGGER_SYSVIEW_MarkStart	40	static
SEGGER_SYSVIEW.c:2192:6:SEGGER_SYSVIEW_MarkStop	40	static
SEGGER_SYSVIEW.c:2213:6:SEGGER_SYSVIEW_Mark	48	static
SEGGER_SYSVIEW.c:2240:6:SEGGER_SYSVIEW_NameMarker	48	static
SEGGER_SYSVIEW.c:2268:6:SEGGER_SYSVIEW_NameResource	40	static
SEGGER_SYSVIEW.c:2297:5:SEGGER_SYSVIEW_SendPacket	32	static
SEGGER_SYSVIEW.c:2324:5:SEGGER_SYSVIEW_EncodeU32	24	static
SEGGER_SYSVIEW.c:2351:5:SEGGER_SYSVIEW_EncodeString	24	static
SEGGER_SYSVIEW.c:2377:5:SEGGER_SYSVIEW_EncodeData	24	static
SEGGER_SYSVIEW.c:2405:5:SEGGER_SYSVIEW_EncodeId	24	static
SEGGER_SYSVIEW.c:2433:5:SEGGER_SYSVIEW_ShrinkId	16	static
SEGGER_SYSVIEW.c:2455:6:SEGGER_SYSVIEW_RegisterModule	24	static
SEGGER_SYSVIEW.c:2496:6:SEGGER_SYSVIEW_RecordModuleDescription	56	static
SEGGER_SYSVIEW.c:2537:6:SEGGER_SYSVIEW_SendModule	56	static
SEGGER_SYSVIEW.c:2576:6:SEGGER_SYSVIEW_SendModuleDescription	16	static
SEGGER_SYSVIEW.c:2597:6:SEGGER_SYSVIEW_SendNumModules	32	static
SEGGER_SYSVIEW.c:2624:6:SEGGER_SYSVIEW_PrintfHostEx	28	static
SEGGER_SYSVIEW.c:2658:6:SEGGER_SYSVIEW_PrintfHost	16	static
SEGGER_SYSVIEW.c:2693:6:SEGGER_SYSVIEW_WarnfHost	16	static
SEGGER_SYSVIEW.c:2728:6:SEGGER_SYSVIEW_ErrorfHost	16	static
SEGGER_SYSVIEW.c:2761:6:SEGGER_SYSVIEW_PrintfTargetEx	28	static
SEGGER_SYSVIEW.c:2780:6:SEGGER_SYSVIEW_PrintfTarget	16	static
SEGGER_SYSVIEW.c:2799:6:SEGGER_SYSVIEW_WarnfTarget	16	static
SEGGER_SYSVIEW.c:2818:6:SEGGER_SYSVIEW_ErrorfTarget	16	static
SEGGER_SYSVIEW.c:2837:6:SEGGER_SYSVIEW_Print	48	static
SEGGER_SYSVIEW.c:2859:6:SEGGER_SYSVIEW_Warn	48	static
SEGGER_SYSVIEW.c:2881:6:SEGGER_SYSVIEW_Error	48	static
SEGGER_SYSVIEW.c:2903:6:SEGGER_SYSVIEW_EnableEvents	16	static
SEGGER_SYSVIEW.c:2917:6:SEGGER_SYSVIEW_DisableEvents	16	static
SEGGER_SYSVIEW.c:2932:5:SEGGER_SYSVIEW_IsStarted	8	static
