fsl_gpio.h:182:20:GPIO_PortSet	16	static
fsl_gpio.h:193:20:GPIO_PortClear	16	static
fsl_gpio.h:204:20:GPIO_PortToggle	16	static
fsl_gpio.h:223:24:GPIO_PinRead	16	static
C11.c:171:6:C11_ClrVal	8	static
C11.c:200:6:C11_SetVal	8	static
C11.c:229:6:C11_NegVal	8	static
C11.c:268:6:C11_GetVal	8	static
C11.c:301:6:C11_GetDir	4	static
C11.c:318:6:C11_SetDir	16	static
C11.c:337:6:C11_SetInput	8	static
C11.c:367:6:C11_SetOutput	8	static
C11.c:400:6:C11_PutVal	16	static
C11.c:441:6:C11_Init	8	static
C11.c:501:6:C11_Deinit	4	static
