fsl_gpio.h:182:20:GPIO_PortSet	16	static
fsl_gpio.h:193:20:GPIO_PortClear	16	static
fsl_gpio.h:204:20:GPIO_PortToggle	16	static
fsl_gpio.h:223:24:GPIO_PinRead	16	static
C21.c:171:6:C21_ClrVal	8	static
C21.c:200:6:C21_SetVal	8	static
C21.c:229:6:C21_NegVal	8	static
C21.c:268:6:C21_GetVal	8	static
C21.c:301:6:C21_GetDir	4	static
C21.c:318:6:C21_SetDir	16	static
C21.c:337:6:C21_SetInput	8	static
C21.c:367:6:C21_SetOutput	8	static
C21.c:400:6:C21_PutVal	16	static
C21.c:441:6:C21_Init	8	static
C21.c:501:6:C21_Deinit	4	static
