fsl_gpio.h:182:20:GPIO_PortSet	16	static
fsl_gpio.h:193:20:GPIO_PortClear	16	static
fsl_gpio.h:204:20:GPIO_PortToggle	16	static
fsl_gpio.h:223:24:GPIO_PinRead	16	static
LEDpin2.c:171:6:LEDpin2_ClrVal	8	static
LEDpin2.c:200:6:LEDpin2_SetVal	8	static
LEDpin2.c:229:6:LEDpin2_NegVal	8	static
LEDpin2.c:268:6:LEDpin2_GetVal	8	static
LEDpin2.c:301:6:LEDpin2_GetDir	4	static
LEDpin2.c:318:6:LEDpin2_SetDir	16	static
LEDpin2.c:337:6:LEDpin2_SetInput	8	static
LEDpin2.c:367:6:LEDpin2_SetOutput	8	static
LEDpin2.c:400:6:LEDpin2_PutVal	16	static
LEDpin2.c:441:6:LEDpin2_Init	8	static
LEDpin2.c:501:6:LEDpin2_Deinit	4	static
