McuEE24.c:142:16:PrintStatus	48	static
McuEE24.c:159:16:PrintHelp	16	static
McuEE24.c:184:9:McuEE24_WriteByte	24	static
McuEE24.c:271:9:McuEE24_ReadByte	24	static
McuEE24.c:326:9:McuEE24_ReadBlock	24	static
McuEE24.c:371:9:McuEE24_WriteBlockPage	72	static
McuEE24.c:520:9:McuEE24_WriteBlock	24	static
McuEE24.c:559:13:Err	4	static
McuEE24.c:565:9:McuEE24_Test	32	static
McuEE24.c:711:6:McuEE24_WriteProtect	8	static
McuEE24.c:728:6:McuEE24_WriteUnprotect	8	static
McuEE24.c:753:9:McuEE24_SelectDevice	16	static
McuEE24.c:774:9:McuEE24_GetSelectedDevice	4	static
McuEE24.c:797:9:McuEE24_ParseCommand	40	static
McuEE24.c:852:6:McuEE24_Deinit	4	static
McuEE24.c:867:6:McuEE24_Init	4	static
