McuFXOS8700.c:123:16:PrintStatus	56	static
McuFXOS8700.c:240:16:PrintHelp	16	static
McuFXOS8700.c:266:9:McuFXOS8700_GetRaw8XYZ	24	static
McuFXOS8700.c:284:9:McuFXOS8700_Deinit	4	static
McuFXOS8700.c:300:9:McuFXOS8700_Init	8	static
McuFXOS8700.c:319:6:McuFXOS8700_CalibrateX1g	24	static
McuFXOS8700.c:353:6:McuFXOS8700_CalibrateY1g	24	static
McuFXOS8700.c:387:6:McuFXOS8700_CalibrateZ1g	24	static
McuFXOS8700.c:421:9:McuFXOS8700_GetXmg	8	static
McuFXOS8700.c:437:9:McuFXOS8700_GetYmg	8	static
McuFXOS8700.c:453:9:McuFXOS8700_GetZmg	8	static
McuFXOS8700.c:470:10:McuFXOS8700_MeasureGetRawX	24	static
McuFXOS8700.c:501:10:McuFXOS8700_MeasureGetRawY	24	static
McuFXOS8700.c:532:10:McuFXOS8700_MeasureGetRawZ	24	static
McuFXOS8700.c:562:9:McuFXOS8700_GetXOffset	4	static
McuFXOS8700.c:578:9:McuFXOS8700_GetYOffset	4	static
McuFXOS8700.c:594:9:McuFXOS8700_GetZOffset	4	static
McuFXOS8700.c:610:9:McuFXOS8700_GetX1gValue	4	static
McuFXOS8700.c:626:9:McuFXOS8700_GetY1gValue	4	static
McuFXOS8700.c:642:9:McuFXOS8700_GetZ1gValue	4	static
McuFXOS8700.c:660:9:McuFXOS8700_GetX	16	static
McuFXOS8700.c:682:9:McuFXOS8700_GetY	16	static
McuFXOS8700.c:704:9:McuFXOS8700_GetZ	16	static
McuFXOS8700.c:731:9:McuFXOS8700_ParseCommand	24	static
McuFXOS8700.c:783:9:McuFXOS8700_SetFastMode	24	static
McuFXOS8700.c:811:9:McuFXOS8700_Enable	16	static
McuFXOS8700.c:839:9:McuFXOS8700_Disable	16	static
McuFXOS8700.c:871:9:McuFXOS8700_isEnabled	24	static
McuFXOS8700.c:896:9:McuFXOS8700_WhoAmI	16	static
McuFXOS8700.c:916:9:McuFXOS8700_GetTemperature	24	static
McuFXOS8700.c:940:9:McuFXOS8700_GetMagX	32	static
McuFXOS8700.c:972:9:McuFXOS8700_GetMagY	32	static
McuFXOS8700.c:1004:9:McuFXOS8700_GetMagZ	32	static
McuFXOS8700.c:1037:9:McuFXOS8700_MagneticSensorReset	16	static
McuFXOS8700.c:1062:9:McuFXOS8700_ReadReg8	16	static
McuFXOS8700.c:1084:9:McuFXOS8700_WriteReg8	16	static
McuFXOS8700.c:1101:9:McuFXOS8700_SwReset	16	static
