McuGDisplaySSD1306.c:147:6:McuGDisplaySSD1306_Clear	24	static
McuGDisplaySSD1306.c:165:6:McuGDisplaySSD1306_SetPixel	16	static
McuGDisplaySSD1306.c:198:6:McuGDisplaySSD1306_ClrPixel	16	static
McuGDisplaySSD1306.c:254:6:McuGDisplaySSD1306_PutPixel	16	static
McuGDisplaySSD1306.c:293:6:McuGDisplaySSD1306_DrawFilledBox	32	static
McuGDisplaySSD1306.c:381:6:McuGDisplaySSD1306_DrawBox	32	static
McuGDisplaySSD1306.c:412:6:McuGDisplaySSD1306_DrawMonoBitmap	32	static
McuGDisplaySSD1306.c:463:6:McuGDisplaySSD1306_DrawMonoBitmapMask	32	static
McuGDisplaySSD1306.c:514:6:McuGDisplaySSD1306_DrawColorBitmap	32	static
McuGDisplaySSD1306.c:555:6:McuGDisplaySSD1306_DrawHLine	32	static
McuGDisplaySSD1306.c:575:6:McuGDisplaySSD1306_DrawVLine	32	static
McuGDisplaySSD1306.c:605:6:McuGDisplaySSD1306_DrawBarChart	40	static
McuGDisplaySSD1306.c:649:6:McuGDisplaySSD1306_DrawLine	80	static
McuGDisplaySSD1306.c:709:6:McuGDisplaySSD1306_DrawCircle	40	static
McuGDisplaySSD1306.c:757:6:McuGDisplaySSD1306_DrawFilledCircle	40	static
McuGDisplaySSD1306.c:801:6:McuGDisplaySSD1306_Draw65kBitmap	16	static
McuGDisplaySSD1306.c:878:6:McuGDisplaySSD1306_Draw256BitmapHigh	16	static
McuGDisplaySSD1306.c:954:6:McuGDisplaySSD1306_Draw256BitmapLow	16	static
McuGDisplaySSD1306.c:1039:6:McuGDisplaySSD1306_UpdateRegion	24	static
McuGDisplaySSD1306.c:1161:6:McuGDisplaySSD1306_GetDisplay	8	static
McuGDisplaySSD1306.c:1183:6:McuGDisplaySSD1306_GiveDisplay	8	static
McuGDisplaySSD1306.c:1204:6:McuGDisplaySSD1306_Init	4	static
McuGDisplaySSD1306.c:1225:6:McuGDisplaySSD1306_Deinit	4	static
