fsl_gpio.h:182:20:GPIO_PortSet	16	static
fsl_gpio.h:193:20:GPIO_PortClear	16	static
fsl_gpio.h:204:20:GPIO_PortToggle	16	static
fsl_gpio.h:223:24:GPIO_PinRead	16	static
fsl_port.h:346:20:PORT_SetPinMux	24	static
McuGPIO.c:75:6:McuGPIO_GetDefaultConfig	16	static
McuGPIO.c:80:13:McuGPIO_ConfigureDirection	24	static
McuGPIO.c:110:6:McuGPIO_SetAsInput	24	static
McuGPIO.c:118:6:McuGPIO_SetAsOutput	24	static
McuGPIO.c:126:6:McuGPIO_IsInput	24	static
McuGPIO.c:131:6:McuGPIO_IsOutput	24	static
McuGPIO.c:136:18:McuGPIO_InitGPIO	24	static
McuGPIO.c:174:18:McuGPIO_DeinitGPIO	16	static
McuGPIO.c:184:6:McuGPIO_SetLow	24	static
McuGPIO.c:201:6:McuGPIO_SetHigh	24	static
McuGPIO.c:218:6:McuGPIO_Toggle	24	static
McuGPIO.c:235:6:McuGPIO_SetValue	24	static
McuGPIO.c:266:6:McuGPIO_GetValue	16	static
McuGPIO.c:270:6:McuGPIO_IsHigh	24	static
McuGPIO.c:288:6:McuGPIO_IsLow	16	static
McuGPIO.c:292:6:McuGPIO_GetPinStatusString	32	static
McuGPIO.c:323:6:McuGPIO_SetPullResistor	24	static
McuGPIO.c:380:6:McuGPIO_Init	4	static
McuGPIO.c:384:6:McuGPIO_Deinit	4	static
