McuLog.c:87:13:lock	8	static
McuLog.c:93:13:unlock	8	static
McuLog.c:99:6:McuLog_set_console	16	static
McuLog.c:103:6:McuLog_set_udata	16	static
McuLog.c:107:6:McuLog_set_lock	16	static
McuLog.c:144:6:McuLog_set_level	16	static
McuLog.c:148:6:McuLog_set_quiet	16	static
McuLog.c:153:6:McuLog_set_color	16	static
McuLog.c:158:13:OutputCharFctConsole	24	static
McuLog.c:189:13:OutString	24	static
McuLog.c:196:13:LogHeader	72	static
McuLog.c:258:6:McuLog_log	60	static
McuLog.c:315:13:LockUnlockCallback	16	static
McuLog.c:325:16:PrintStatus	16	static
McuLog.c:346:16:PrintHelp	16	static
McuLog.c:362:9:McuLog_ParseCommand	40	static
McuLog.c:409:6:McuLog_Init	8	static
McuLog.c:433:6:McuLog_Deinit	8	static
