McuSSD1306.c:274:13:SSD1306_WriteCommand	16	static
McuSSD1306.c:281:13:SSD1306_WriteData	16	static
McuSSD1306.c:288:13:SSD1306_WriteDataBlock	32	static
McuSSD1306.c:319:16:SSD1306_SetPageStartAddr	16	static
McuSSD1306.c:328:16:SSD1306_SetColStartAddr	16	static
McuSSD1306.c:338:13:SSD1306_PrintChar	24	static
McuSSD1306.c:353:10:McuSSD1306_ReadDataWord	4	static
McuSSD1306.c:367:6:McuSSD1306_WriteData	16	static
McuSSD1306.c:380:6:McuSSD1306_OpenWindow	16	static
McuSSD1306.c:393:6:McuSSD1306_CloseWindow	4	static
McuSSD1306.c:408:6:McuSSD1306_Clear	16	static
McuSSD1306.c:436:6:McuSSD1306_UpdateRegion	40	static
McuSSD1306.c:461:6:McuSSD1306_UpdateFull	8	static
McuSSD1306.c:492:31:McuSSD1306_GetDisplayOrientation	4	static
McuSSD1306.c:522:6:McuSSD1306_SetDisplayOrientation	16	static
McuSSD1306.c:567:21:McuSSD1306_GetWidth	4	static
McuSSD1306.c:596:21:McuSSD1306_GetHeight	4	static
McuSSD1306.c:659:6:McuSSD1306_GetLCD	8	static
McuSSD1306.c:674:6:McuSSD1306_GiveLCD	4	static
McuSSD1306.c:690:6:McuSSD1306_InitCommChannel	4	static
McuSSD1306.c:708:9:McuSSD1306_SetContrast	16	static
McuSSD1306.c:728:9:McuSSD1306_DisplayOn	16	static
McuSSD1306.c:753:9:McuSSD1306_DisplayInvert	16	static
McuSSD1306.c:778:9:McuSSD1306_SetDisplayClockDiv	16	static
McuSSD1306.c:800:9:McuSSD1306_SetRowCol	24	static
McuSSD1306.c:826:6:McuSSD1306_PrintString	16	static
McuSSD1306.c:859:6:McuSSD1306_ClearLine	24	static
McuSSD1306.c:881:6:McuSSD1306_Init	8	static
McuSSD1306.c:977:6:McuSSD1306_PutPixel	24	static
McuSSD1306.c:1005:6:McuSSD1306_Deinit	4	static
