McuUtility.c:161:6:McuUtility_strcpy	24	static
McuUtility.c:195:6:McuUtility_strcat	24	static
McuUtility.c:228:6:McuUtility_chcat	24	static
McuUtility.c:265:6:McuUtility_Num8uToStr	24	static
McuUtility.c:291:6:McuUtility_Num8sToStr	24	static
McuUtility.c:317:6:McuUtility_Num16uToStr	40	static
McuUtility.c:362:6:McuUtility_Num16sToStr	40	static
McuUtility.c:405:13:ShiftRightAndFill	24	static
McuUtility.c:458:6:McuUtility_Num16sToStrFormatted	24	static
McuUtility.c:492:6:McuUtility_Num16uToStrFormatted	24	static
McuUtility.c:526:6:McuUtility_Num32uToStrFormatted	24	static
McuUtility.c:560:6:McuUtility_Num32sToStrFormatted	24	static
McuUtility.c:589:6:McuUtility_strcatNum8u	32	static
McuUtility.c:620:6:McuUtility_strcatNum8s	32	static
McuUtility.c:651:6:McuUtility_strcatNum16u	32	static
McuUtility.c:682:6:McuUtility_strcatNum16s	32	static
McuUtility.c:719:6:McuUtility_strcatNum16uFormatted	40	static
McuUtility.c:756:6:McuUtility_strcatNum16sFormatted	40	static
McuUtility.c:793:6:McuUtility_strcatNum32uFormatted	48	static
McuUtility.c:830:6:McuUtility_strcatNum32sFormatted	48	static
McuUtility.c:860:6:McuUtility_strcatNum8Hex	32	static
McuUtility.c:895:6:McuUtility_strcatNum16Hex	32	static
McuUtility.c:934:6:McuUtility_strcatNum24Hex	40	static
McuUtility.c:973:6:McuUtility_strcatNum32Hex	40	static
McuUtility.c:1013:6:McuUtility_strcatNum32s	40	static
McuUtility.c:1044:6:McuUtility_strcatNum32u	40	static
McuUtility.c:1073:6:McuUtility_Num32sToStr	40	static
McuUtility.c:1129:6:McuUtility_Num32uToStr	40	static
McuUtility.c:1166:6:McuUtility_IsLeapYear	16	static
McuUtility.c:1188:9:McuUtility_WeekDay	24	static
McuUtility.c:1238:9:McuUtility_ReadEscapedName	40	static
McuUtility.c:1329:9:McuUtility_xatoi	24	static
McuUtility.c:1417:9:McuUtility_ScanDate	32	static
McuUtility.c:1479:9:McuUtility_ScanTime	32	static
McuUtility.c:1552:9:McuUtility_ScanDecimal8uNumber	24	static
McuUtility.c:1593:9:McuUtility_ScanDecimal8sNumber	32	static
McuUtility.c:1639:9:McuUtility_ScanDecimal16uNumber	24	static
McuUtility.c:1680:9:McuUtility_ScanDecimal16sNumber	32	static
McuUtility.c:1726:9:McuUtility_ScanDecimal32uNumber	24	static
McuUtility.c:1767:9:McuUtility_ScanDecimal32sNumber	32	static
McuUtility.c:1822:9:McuUtility_ScanDecimal32sDotNumber	32	static
McuUtility.c:1917:13:isHexCharacter	16	static
McuUtility.c:1922:16:PreScanHexNumber	24	static
McuUtility.c:1940:16:HexToDec	24	static
McuUtility.c:1975:9:McuUtility_ScanHex32uNumber	32	static
McuUtility.c:2012:9:McuUtility_ScanHex16uNumber	32	static
McuUtility.c:2049:9:McuUtility_ScanHex8uNumber	32	static
McuUtility.c:2086:9:McuUtility_ScanHex8uNumberNoPrefix	32	static
McuUtility.c:2124:9:McuUtility_strtailcmp	24	static
McuUtility.c:2161:9:McuUtility_strCutTail	24	static
McuUtility.c:2193:6:McuUtility_strcatNum32sDotValue100	32	static
McuUtility.c:2223:9:McuUtility_strFind	24	static
McuUtility.c:2256:9:McuUtility_ScanSeparatedNumbers	40	static
McuUtility.c:2307:9:McuUtility_ScanDoubleQuotedString	32	static
McuUtility.c:2354:6:McuUtility_strcatPad	32	static
McuUtility.c:2399:6:McuUtility_NumFloatToStr	56	static
McuUtility.c:2451:6:McuUtility_strcatNumFloat	56	static
McuUtility.c:2472:10:McuUtility_GetValue16LE	16	static
McuUtility.c:2490:10:McuUtility_GetValue24LE	16	static
McuUtility.c:2508:10:McuUtility_GetValue32LE	16	static
McuUtility.c:2526:6:McuUtility_SetValue16LE	16	static
McuUtility.c:2545:6:McuUtility_SetValue24LE	16	static
McuUtility.c:2565:6:McuUtility_SetValue32LE	16	static
McuUtility.c:2583:6:McuUtility_Deinit	4	static
McuUtility.c:2598:6:McuUtility_Init	4	static
McuUtility.c:2620:9:McuUtility_map	24	static
McuUtility.c:2648:9:McuUtility_constrain	24	static
McuUtility.c:2673:9:McuUtility_random	24	static
McuUtility.c:2694:6:McuUtility_randomSetSeed	16	static
McuUtility.c:2717:9:McuUtility_map64	120	static
McuUtility.c:2744:6:McuUtility_strcatNumHex	24	static
McuUtility.c:2775:9:McuUtility_ScanRGB	48	static
McuUtility.c:2827:9:McuUtility_ScanRGB32	24	static
McuUtility.c:2852:6:McuUtility_SkipSpaces	16	static
