fsl_gpio.h:182:20:GPIO_PortSet	16	static
fsl_gpio.h:193:20:GPIO_PortClear	16	static
fsl_gpio.h:204:20:GPIO_PortToggle	16	static
fsl_gpio.h:223:24:GPIO_PinRead	16	static
SCL1.c:171:6:SCL1_ClrVal	8	static
SCL1.c:200:6:SCL1_SetVal	8	static
SCL1.c:229:6:SCL1_NegVal	8	static
SCL1.c:268:6:SCL1_GetVal	8	static
SCL1.c:301:6:SCL1_GetDir	4	static
SCL1.c:318:6:SCL1_SetDir	16	static
SCL1.c:337:6:SCL1_SetInput	8	static
SCL1.c:367:6:SCL1_SetOutput	8	static
SCL1.c:400:6:SCL1_PutVal	16	static
SCL1.c:441:6:SCL1_Init	8	static
SCL1.c:501:6:SCL1_Deinit	4	static
